<html>
<body>
<pre>
<h1>µVision Build Log</h1>
<h2>Tool Versions:</h2>
IDE-Version: µVision V5.24.2.0
Copyright (C) 2017 ARM Ltd and ARM Germany GmbH. All rights reserved.
License Information: Conor Power, Waterford Institute of Technology, LIC=----
 
Tool Versions:
Toolchain:       MDK-Lite  Version: 5.24.1
Toolchain Path:  C:\Keil_v5\ARM\ARMCC\Bin
C Compiler:      Armcc.exe V5.06 update 5 (build 528)
Assembler:       Armasm.exe V5.06 update 5 (build 528)
Linker/Locator:  ArmLink.exe V5.06 update 5 (build 528)
Library Manager: ArmAr.exe V5.06 update 5 (build 528)
Hex Converter:   FromElf.exe V5.06 update 5 (build 528)
CPU DLL:         SARMCM3.DLL V5.24.1
Dialog DLL:      DARMCM1.DLL V1.18.0.0
Target DLL:      UL2CM3.DLL V1.160.3.0
Dialog DLL:      TARMCM1.DLL V1.13.0.0
 
<h2>Project:</h2>
C:\Users\conor\Desktop\Conor\WIT\Semester4\Embedded Systems\Conor\Conor\Conor.uvprojx
Project File Date:  04/23/2018

<h2>Output:</h2>
*** Using Compiler 'V5.06 update 5 (build 528)', folder: 'C:\Keil_v5\ARM\ARMCC\Bin'
Build target 'XMC1100-Q024x0064'
compiling adc_measurement_conf.c...
compiling adc_measurement.c...
compiling main.c...
main.c(38): warning:  #1361-D: function "ADC_MEASUREMENT_GetResult"  (declared at line 495 of ".\Dave\Generated\ADC_MEASUREMENT/adc_measurement.h") was declared "deprecated"
  	result = ADC_MEASUREMENT_GetResult(&ADC_MEASUREMENT_0);
main.c: 1 warning, 0 errors
compiling clock_xmc1.c...
compiling clock_xmc1_conf.c...
compiling DAVE.c...
compiling global_adc_conf.c...
compiling global_adc.c...
compiling global_ccu4.c...
compiling global_ccu4_conf.c...
compiling pwm.c...
C:\Users\conor\Desktop\Conor\WIT\Semester4\Embedded Systems\Conor\Conor\Dave\Generated\PWM\pwm.c(328): warning:  #188-D: enumerated type mixed with another type
        XMC_CCU4_SLICE_SetPrescaler(handle_ptr->ccu4_slice_ptr, prescaler);
C:\Users\conor\Desktop\Conor\WIT\Semester4\Embedded Systems\Conor\Conor\Dave\Generated\PWM\pwm.c(402): warning:  #188-D: enumerated type mixed with another type
        XMC_CCU4_SLICE_SetPrescaler(handle_ptr->ccu4_slice_ptr, prescaler);
C:\Users\conor\Desktop\Conor\WIT\Semester4\Embedded Systems\Conor\Conor\Dave\Generated\PWM\pwm.c: 2 warnings, 0 errors
compiling pwm_conf.c...
compiling watchdog.c...
compiling watchdog_conf.c...
compiling xmc1_eru.c...
compiling xmc1_flash.c...
compiling xmc1_gpio.c...
compiling xmc1_scu.c...
compiling xmc1_rtc.c...
compiling xmc_acmp.c...
compiling xmc_bccu.c...
compiling xmc_can.c...
compiling xmc_ccu4.c...
compiling xmc_ccu8.c...
compiling xmc_common.c...
compiling xmc_eru.c...
compiling xmc_gpio.c...
compiling xmc_i2c.c...
compiling xmc_i2s.c...
compiling xmc_ledts.c...
compiling xmc_math.c...
compiling xmc_posif.c...
compiling xmc_pau.c...
compiling xmc_prng.c...
compiling xmc_rtc.c...
compiling xmc_spi.c...
compiling xmc_uart.c...
compiling xmc_usic.c...
compiling xmc_vadc.c...
compiling xmc_wdt.c...
assembling startup_XMC1100.s...
compiling system_XMC1100.c...
linking...
Program Size: Code=3552 RO-data=120 RW-data=172 ZI-data=1640  
".\UVBuild\Conor.axf" - 0 Error(s), 3 Warning(s).

<h2>Software Packages used:</h2>

Package Vendor: ARM
                http://www.keil.com/pack/ARM.CMSIS.5.2.0.pack
                ARM.CMSIS.5.2.0
                CMSIS (Cortex Microcontroller Software Interface Standard)
   * Component: CORE Version: 5.0.2

Package Vendor: Infineon
                C:\Users\Brendan\Documents\Academic Notes etc\ARM processor\Projects\DAVE WS 2018\Conor/Infineon.Conor.1.0.0.pack
                Infineon.Conor.1.0.0
                Generated Configuration Files for CE Project Conor
   * Component: WATCHDOG Version: 4.0.14
   * Component: PWM Version: 4.1.10
   * Component: GLOBAL_CCU4 Version: 4.1.12
   * Component: GLOBAL_ADC Version: 4.0.18
   * Component: Framework Version: 1.0.0
   * Component: CLOCK_XMC1 Version: 4.0.18
   * Component: ADC_MEASUREMENT Version: 4.1.22

Package Vendor: Infineon
                http://dave.infineon.com/Libraries/CMSIS_PACK/Infineon.XMC1000_DFP.2.7.1.pack
                Infineon.XMC1000_DFP.2.7.1
                Infineon XMC1000 Series Device Support, Drivers and Examples
      Note: The new PACK download address is http://dave.infineon.com/Libraries/CMSIS_PACK/
   * Component: WDT Version: 2.1.16
   * Component: VADC Version: 2.1.16
   * Component: UART Version: 2.1.16
   * Component: SPI Version: 2.1.16
   * Component: SCU Version: 2.1.16
   * Component: RTC Version: 2.1.16
   * Component: PRNG Version: 2.1.16
   * Component: POSIF Version: 2.1.16
   * Component: PAU Version: 2.1.16
   * Component: MATH Version: 2.1.16
   * Component: LEDTS Version: 2.1.16
   * Component: I2S Version: 2.1.16
   * Component: I2C Version: 2.1.16
   * Component: GPIO Version: 2.1.16
   * Component: FLASH Version: 2.1.16
   * Component: ERU Version: 2.1.16
   * Component: CCU8 Version: 2.1.16
   * Component: CCU4 Version: 2.1.16
   * Component: CAN Version: 2.1.16
   * Component: BCCU Version: 2.1.16
   * Component: ACMP Version: 2.1.16
   * Component: Startup Version: 2.0.0

<h2>Collection of Component include folders:</h2>
  .\Dave\Generated
  .\Dave\Generated\ADC_MEASUREMENT
  .\Dave\Generated\CLOCK_XMC1
  .\Dave\Generated\GLOBAL_ADC
  .\Dave\Generated\GLOBAL_CCU4
  .\Dave\Generated\PWM
  .\Dave\Generated\WATCHDOG
  .\RTE\_XMC1100-Q024x0064
  C:\Keil_v5\ARM\PACK\ARM\CMSIS\5.2.0\CMSIS\Include
  C:\Keil_v5\ARM\PACK\Infineon\XMC1000_DFP\2.7.1\Device\XMC1100_series\Include
  C:\Keil_v5\ARM\PACK\Infineon\XMC1000_DFP\2.7.1\Device\XMClib\inc

<h2>Collection of Component Files used:</h2>

   * Component: Infineon::Device:XMClib:WDT:2.1.16
      Source file:   Device\XMClib\src\xmc_wdt.c
      Source file:   Device\XMClib\src\xmc_common.c

   * Component: Infineon::Device:XMClib:VADC:2.1.16
      Source file:   Device\XMClib\src\xmc_vadc.c
      Source file:   Device\XMClib\src\xmc_common.c

   * Component: Infineon::Device:XMClib:UART:2.1.16
      Source file:   Device\XMClib\src\xmc_common.c
      Source file:   Device\XMClib\src\xmc_usic.c
      Source file:   Device\XMClib\src\xmc_uart.c

   * Component: Infineon::Device:XMClib:SPI:2.1.16
      Source file:   Device\XMClib\src\xmc_common.c
      Source file:   Device\XMClib\src\xmc_usic.c
      Source file:   Device\XMClib\src\xmc_spi.c

   * Component: Infineon::Device:XMClib:SCU:2.1.16
      Source file:   Device\XMClib\src\xmc_common.c
      Source file:   Device\XMClib\src\xmc1_scu.c

   * Component: Infineon::Device:XMClib:RTC:2.1.16
      Source file:   Device\XMClib\src\xmc_common.c
      Source file:   Device\XMClib\src\xmc_rtc.c
      Source file:   Device\XMClib\src\xmc1_rtc.c

   * Component: Infineon::Device:XMClib:PRNG:2.1.16
      Source file:   Device\XMClib\src\xmc_common.c
      Source file:   Device\XMClib\src\xmc_prng.c

   * Component: Infineon::Device:XMClib:POSIF:2.1.16
      Source file:   Device\XMClib\src\xmc_posif.c
      Source file:   Device\XMClib\src\xmc_common.c

   * Component: Infineon::Device:XMClib:PAU:2.1.16
      Source file:   Device\XMClib\src\xmc_pau.c
      Source file:   Device\XMClib\src\xmc_common.c

   * Component: Infineon::Device:XMClib:MATH:2.1.16
      Source file:   Device\XMClib\src\xmc_math.c
      Source file:   Device\XMClib\src\xmc_common.c

   * Component: Infineon::Device:XMClib:LEDTS:2.1.16
      Source file:   Device\XMClib\src\xmc_ledts.c
      Source file:   Device\XMClib\src\xmc_common.c

   * Component: Infineon::Device:XMClib:I2S:2.1.16
      Source file:   Device\XMClib\src\xmc_usic.c
      Source file:   Device\XMClib\src\xmc_common.c
      Source file:   Device\XMClib\src\xmc_i2s.c

   * Component: Infineon::Device:XMClib:I2C:2.1.16
      Source file:   Device\XMClib\src\xmc_usic.c
      Source file:   Device\XMClib\src\xmc_common.c
      Source file:   Device\XMClib\src\xmc_i2c.c

   * Component: Infineon::Device:XMClib:GPIO:2.1.16
      Source file:   Device\XMClib\src\xmc_common.c
      Source file:   Device\XMClib\src\xmc1_gpio.c
      Source file:   Device\XMClib\src\xmc_gpio.c

   * Component: Infineon::Device:XMClib:FLASH:2.1.16
      Source file:   Device\XMClib\src\xmc_common.c
      Source file:   Device\XMClib\src\xmc1_flash.c

   * Component: Infineon::Device:XMClib:ERU:2.1.16
      Source file:   Device\XMClib\src\xmc_eru.c
      Source file:   Device\XMClib\src\xmc1_eru.c
      Source file:   Device\XMClib\src\xmc_common.c

   * Component: Infineon::Device:XMClib:CCU8:2.1.16
      Source file:   Device\XMClib\src\xmc_ccu8.c
      Source file:   Device\XMClib\src\xmc_common.c

   * Component: Infineon::Device:XMClib:CCU4:2.1.16
      Source file:   Device\XMClib\src\xmc_ccu4.c
      Source file:   Device\XMClib\src\xmc_common.c

   * Component: Infineon::Device:XMClib:CAN:2.1.16
      Source file:   Device\XMClib\src\xmc_can.c
      Source file:   Device\XMClib\src\xmc_common.c

   * Component: Infineon::Device:XMClib:BCCU:2.1.16
      Source file:   Device\XMClib\src\xmc_bccu.c
      Source file:   Device\XMClib\src\xmc_common.c

   * Component: Infineon::Device:XMClib:ACMP:2.1.16
      Source file:   Device\XMClib\src\xmc_acmp.c
      Source file:   Device\XMClib\src\xmc_common.c

   * Component: Infineon::Device:Startup:2.0.0
      Source file:   Device\XMC1100_series\Source\system_XMC1100.c
      Source file:   Device\XMC1100_series\Source\ARM\startup_XMC1100.s

   * Component: Infineon::DAVE:WATCHDOG:4.0.14
      Include file:  Dave\Generated\WATCHDOG\watchdog_extern.h
      Include file:  Dave\Generated\WATCHDOG\watchdog.h
      Include file:  Dave\Generated\WATCHDOG\watchdog_conf.h
      Source file:   Dave\Generated\WATCHDOG\watchdog.c
      Source file:   Dave\Generated\WATCHDOG\watchdog_conf.c

   * Component: Infineon::DAVE:PWM:4.1.10
      Include file:  Dave\Generated\PWM\pwm.h
      Source file:   Dave\Generated\PWM\pwm.c
      Include file:  Dave\Generated\PWM\pwm_conf.h
      Include file:  Dave\Generated\PWM\pwm_extern.h
      Source file:   Dave\Generated\PWM\pwm_conf.c

   * Component: Infineon::DAVE:GLOBAL_CCU4:4.1.12
      Include file:  Dave\Generated\GLOBAL_CCU4\global_ccu4.h
      Include file:  Dave\Generated\GLOBAL_CCU4\global_ccu4_extern.h
      Source file:   Dave\Generated\GLOBAL_CCU4\global_ccu4_conf.c
      Source file:   Dave\Generated\GLOBAL_CCU4\global_ccu4.c
      Include file:  Dave\Generated\GLOBAL_CCU4\global_ccu4_conf.h

   * Component: Infineon::DAVE:GLOBAL_ADC:4.0.18
      Source file:   Dave\Generated\GLOBAL_ADC\global_adc.c
      Include file:  Dave\Generated\GLOBAL_ADC\global_adc.h
      Source file:   Dave\Generated\GLOBAL_ADC\global_adc_conf.c
      Include file:  Dave\Generated\GLOBAL_ADC\global_adc_conf.h
      Include file:  Dave\Generated\GLOBAL_ADC\global_adc_extern.h

   * Component: Infineon::DAVE:Framework:1.0.0
      Include file:  Dave\Generated\DAVE_Common.h
      Source file:   Dave\Generated\DAVE.c
      Include file:  Dave\Generated\DAVE.h

   * Component: Infineon::DAVE:CLOCK_XMC1:4.0.18
      Include file:  Dave\Generated\CLOCK_XMC1\clock_xmc1.h
      Include file:  Dave\Generated\CLOCK_XMC1\clock_xmc1_conf.h
      Source file:   Dave\Generated\CLOCK_XMC1\clock_xmc1_conf.c
      Source file:   Dave\Generated\CLOCK_XMC1\clock_xmc1.c
      Include file:  Dave\Generated\CLOCK_XMC1\clock_xmc1_extern.h

   * Component: Infineon::DAVE:ADC_MEASUREMENT:4.1.22
      Include file:  Dave\Generated\ADC_MEASUREMENT\adc_measurement_extern.h
      Source file:   Dave\Generated\ADC_MEASUREMENT\adc_measurement.c
      Source file:   Dave\Generated\ADC_MEASUREMENT\adc_measurement_conf.c
      Include file:  Dave\Generated\ADC_MEASUREMENT\adc_measurement_conf.h
      Include file:  Dave\Generated\ADC_MEASUREMENT\adc_measurement.h

   * Component: ARM::CMSIS:CORE:5.0.2
Build Time Elapsed:  00:00:12
</pre>
</body>
</html>
