Component: ARM Compiler 5.06 update 5 (build 528) Tool: armlink [4d35e2]

==============================================================================

Section Cross References

    main.o(i.Adc_Measurement_Handler) refers to adc_measurement.o(i.ADC_MEASUREMENT_GetResult) for ADC_MEASUREMENT_GetResult
    main.o(i.Adc_Measurement_Handler) refers to main.o(i.Adjust_Gates) for Adjust_Gates
    main.o(i.Adc_Measurement_Handler) refers to adc_measurement_conf.o(.data) for ADC_MEASUREMENT_0
    main.o(i.Adc_Measurement_Handler) refers to main.o(.data) for result
    main.o(i.Adjust_Gates) refers to main.o(.data) for result
    main.o(i.main) refers to dave.o(i.DAVE_Init) for DAVE_Init
    main.o(i.main) refers to pwm.o(i.PWM_SetDutyCycle) for PWM_SetDutyCycle
    main.o(i.main) refers to pwm.o(i.PWM_SetFreq) for PWM_SetFreq
    main.o(i.main) refers to main.o(.data) for current
    main.o(i.main) refers to pwm_conf.o(.data) for PWM_0
    adc_measurement.o(i.ADC_MEASUREMENT_Init) refers to global_adc.o(i.GLOBAL_ADC_Init) for GLOBAL_ADC_Init
    adc_measurement.o(i.ADC_MEASUREMENT_Init) refers to xmc_vadc.o(i.XMC_VADC_GLOBAL_InputClassInit) for XMC_VADC_GLOBAL_InputClassInit
    adc_measurement.o(i.ADC_MEASUREMENT_Init) refers to xmc_vadc.o(i.XMC_VADC_GLOBAL_BackgroundInit) for XMC_VADC_GLOBAL_BackgroundInit
    adc_measurement.o(i.ADC_MEASUREMENT_Init) refers to xmc_vadc.o(i.XMC_VADC_GLOBAL_SetResultEventInterruptNode) for XMC_VADC_GLOBAL_SetResultEventInterruptNode
    adc_measurement.o(i.ADC_MEASUREMENT_Init) refers to adc_measurement.o(i.XMC_VADC_GLOBAL_BackgroundTriggerConversion) for XMC_VADC_GLOBAL_BackgroundTriggerConversion
    adc_measurement.o(i.ADC_MEASUREMENT_StartConversion) refers to adc_measurement.o(i.XMC_VADC_GLOBAL_BackgroundTriggerConversion) for XMC_VADC_GLOBAL_BackgroundTriggerConversion
    adc_measurement_conf.o(.data) refers to adc_measurement_conf.o(.constdata) for backgnd_config
    adc_measurement_conf.o(.data) refers to global_adc_conf.o(.data) for GLOBAL_ADC_0
    clock_xmc1.o(i.CLOCK_XMC1_SetMCLKFrequency) refers to xmc1_scu.o(i.XMC_SCU_CLOCK_SetMCLKFrequency) for XMC_SCU_CLOCK_SetMCLKFrequency
    clock_xmc1_conf.o(i.SystemCoreClockSetup) refers to xmc1_scu.o(i.XMC_SCU_CLOCK_Init) for XMC_SCU_CLOCK_Init
    clock_xmc1_conf.o(i.SystemCoreClockSetup) refers to clock_xmc1_conf.o(.constdata) for .constdata
    dave.o(i.DAVE_Init) refers to clock_xmc1.o(i.CLOCK_XMC1_Init) for CLOCK_XMC1_Init
    dave.o(i.DAVE_Init) refers to adc_measurement.o(i.ADC_MEASUREMENT_Init) for ADC_MEASUREMENT_Init
    dave.o(i.DAVE_Init) refers to watchdog.o(i.WATCHDOG_Init) for WATCHDOG_Init
    dave.o(i.DAVE_Init) refers to pwm.o(i.PWM_Init) for PWM_Init
    dave.o(i.DAVE_Init) refers to clock_xmc1_conf.o(.data) for CLOCK_XMC1_0
    dave.o(i.DAVE_Init) refers to adc_measurement_conf.o(.data) for ADC_MEASUREMENT_0
    dave.o(i.DAVE_Init) refers to watchdog_conf.o(.data) for WATCHDOG_0
    dave.o(i.DAVE_Init) refers to pwm_conf.o(.data) for PWM_0
    global_adc.o(i.GLOBAL_ADC_Init) refers to xmc_vadc.o(i.XMC_VADC_GLOBAL_Init) for XMC_VADC_GLOBAL_Init
    global_adc.o(i.GLOBAL_ADC_Init) refers to xmc_vadc.o(i.XMC_VADC_GLOBAL_StartupCalibration) for XMC_VADC_GLOBAL_StartupCalibration
    global_adc_conf.o(.data) refers to global_adc_conf.o(.constdata) for global_config
    global_ccu4.o(i.GLOBAL_CCU4_Init) refers to xmc_ccu4.o(i.XMC_CCU4_Init) for XMC_CCU4_Init
    pwm.o(i.PWM_Init) refers to pwm.o(i.PWM_lCCU4_Init) for PWM_lCCU4_Init
    pwm.o(i.PWM_SetDutyCycle) refers to pwm.o(i.PWM_lCCU4_SetDutyCycle) for PWM_lCCU4_SetDutyCycle
    pwm.o(i.PWM_SetFreq) refers to pwm.o(i.PWM_lCCU4_SetFreq) for PWM_lCCU4_SetFreq
    pwm.o(i.PWM_SetFreqAndDutyCycle) refers to pwm.o(i.PWM_lCCU4_SetFreqAndDutyCycle) for PWM_lCCU4_SetFreqAndDutyCycle
    pwm.o(i.PWM_SetPassiveLevel) refers to xmc_ccu4.o(i.XMC_CCU4_SLICE_SetPassiveLevel) for XMC_CCU4_SLICE_SetPassiveLevel
    pwm.o(i.PWM_SetPassiveLevel) refers to pwm.o(i.XMC_CCU4_EnableShadowTransfer) for XMC_CCU4_EnableShadowTransfer
    pwm.o(i.PWM_SetPeriodMatchValue) refers to aeabi_sdiv.o(.text) for __aeabi_uidivmod
    pwm.o(i.PWM_SetPeriodMatchValue) refers to pwm.o(i.XMC_CCU4_SLICE_SetTimerPeriodMatch) for XMC_CCU4_SLICE_SetTimerPeriodMatch
    pwm.o(i.PWM_SetPeriodMatchValue) refers to pwm.o(i.XMC_CCU4_SLICE_SetTimerCompareMatch) for XMC_CCU4_SLICE_SetTimerCompareMatch
    pwm.o(i.PWM_SetPeriodMatchValue) refers to pwm.o(i.XMC_CCU4_EnableShadowTransfer) for XMC_CCU4_EnableShadowTransfer
    pwm.o(i.PWM_Start) refers to pwm.o(i.PWM_lCCU4_Start) for PWM_lCCU4_Start
    pwm.o(i.PWM_Stop) refers to pwm.o(i.PWM_lCCU4_Stop) for PWM_lCCU4_Stop
    pwm.o(i.PWM_lCCU4_ConfigInterrupts) refers to pwm.o(i.XMC_CCU4_SLICE_EnableEvent) for XMC_CCU4_SLICE_EnableEvent
    pwm.o(i.PWM_lCCU4_ConfigInterrupts) refers to xmc_ccu4.o(i.XMC_CCU4_SLICE_SetInterruptNode) for XMC_CCU4_SLICE_SetInterruptNode
[...]
    sys_exit.o(.text) refers (Special) to use_no_semi.o(.text) for __I$use$semihosting
    sys_exit.o(.text) refers (Special) to indicate_semi.o(.text) for __semihosting_library_function
    rtexit2.o(.ARM.Collect$$rtexit$$00000003) refers to libshutdown.o(.ARM.Collect$$libshutdown$$00000000) for __rt_lib_shutdown
    rtexit2.o(.ARM.Collect$$rtexit$$00000004) refers to sys_exit.o(.text) for _sys_exit
    rtexit2.o(.ARM.exidx) refers to rtexit2.o(.ARM.Collect$$rtexit$$00000001) for .ARM.Collect$$rtexit$$00000001
    rtexit2.o(.ARM.exidx) refers to rtexit2.o(.ARM.Collect$$rtexit$$00000003) for .ARM.Collect$$rtexit$$00000003
    rtexit2.o(.ARM.exidx) refers to rtexit2.o(.ARM.Collect$$rtexit$$00000004) for .ARM.Collect$$rtexit$$00000004
    __raise.o(.text) refers to defsig.o(CL$$defsig) for __default_signal_handler
    defsig_general.o(.text) refers to sys_wrch.o(.text) for _ttywrch
    sys_wrch.o(.text) refers (Special) to use_no_semi.o(.text) for __I$use$semihosting
    sys_wrch.o(.text) refers (Special) to indicate_semi.o(.text) for __semihosting_library_function
    defsig.o(CL$$defsig) refers to defsig_fpe_inner.o(.text) for __rt_SIGFPE_inner
    defsig.o(CL$$defsig) refers to defsig_rtmem_inner.o(.text) for __rt_SIGRTMEM_inner
    _get_argv_nomalloc.o(.text) refers (Special) to hrguard.o(.text) for __heap_region$guard
    _get_argv_nomalloc.o(.text) refers to defsig_rtmem_outer.o(.text) for __rt_SIGRTMEM
    _get_argv_nomalloc.o(.text) refers to sys_command.o(.text) for _sys_command_string
    libshutdown.o(.ARM.Collect$$libshutdown$$00000000) refers (Special) to libshutdown2.o(.ARM.Collect$$libshutdown$$00000002) for __rt_lib_shutdown_cpp_1
    libshutdown.o(.ARM.Collect$$libshutdown$$00000000) refers (Special) to libshutdown2.o(.ARM.Collect$$libshutdown$$00000007) for __rt_lib_shutdown_fp_trap_1
    libshutdown.o(.ARM.Collect$$libshutdown$$00000000) refers (Special) to libshutdown2.o(.ARM.Collect$$libshutdown$$0000000F) for __rt_lib_shutdown_heap_1
    libshutdown.o(.ARM.Collect$$libshutdown$$00000000) refers (Special) to libshutdown2.o(.ARM.Collect$$libshutdown$$00000010) for __rt_lib_shutdown_return
    libshutdown.o(.ARM.Collect$$libshutdown$$00000000) refers (Special) to libshutdown2.o(.ARM.Collect$$libshutdown$$0000000A) for __rt_lib_shutdown_signal_1
    libshutdown.o(.ARM.Collect$$libshutdown$$00000000) refers (Special) to libshutdown2.o(.ARM.Collect$$libshutdown$$00000004) for __rt_lib_shutdown_stdio_1
    libshutdown.o(.ARM.Collect$$libshutdown$$00000000) refers (Special) to libshutdown2.o(.ARM.Collect$$libshutdown$$0000000C) for __rt_lib_shutdown_user_alloc_1
    sys_command.o(.text) refers (Special) to use_no_semi.o(.text) for __I$use$semihosting
    sys_command.o(.text) refers (Special) to indicate_semi.o(.text) for __semihosting_library_function
    defsig_abrt_inner.o(.text) refers to defsig_general.o(.text) for __default_signal_display
    defsig_rtred_inner.o(.text) refers to defsig_general.o(.text) for __default_signal_display
    defsig_rtmem_inner.o(.text) refers to defsig_general.o(.text) for __default_signal_display
    defsig_rtmem_outer.o(.text) refers to defsig_rtmem_inner.o(.text) for __rt_SIGRTMEM_inner
    defsig_rtmem_outer.o(.text) refers to defsig_exit.o(.text) for __sig_exit
    defsig_rtmem_formal.o(.text) refers to rt_raise.o(.text) for __rt_raise
    defsig_stak_inner.o(.text) refers to defsig_general.o(.text) for __default_signal_display
    defsig_pvfn_inner.o(.text) refers to defsig_general.o(.text) for __default_signal_display
    defsig_cppl_inner.o(.text) refers to defsig_general.o(.text) for __default_signal_display
    defsig_segv_inner.o(.text) refers to defsig_general.o(.text) for __default_signal_display
    defsig_other.o(.text) refers to defsig_general.o(.text) for __default_signal_display


==============================================================================

Removing Unused input sections from the image.

    Removing main.o(.rev16_text), (4 bytes).
    Removing main.o(.revsh_text), (4 bytes).
    Removing main.o(i.Adc_Measurement_Handler), (96 bytes).
    Removing main.o(i.Adjust_Gates), (124 bytes).
    Removing adc_measurement.o(.rev16_text), (4 bytes).
    Removing adc_measurement.o(.revsh_text), (4 bytes).
    Removing adc_measurement.o(i.ADC_MEASUREMENT_GetAppVersion), (30 bytes).
    Removing adc_measurement.o(i.ADC_MEASUREMENT_GetDetailedResult), (32 bytes).
    Removing adc_measurement.o(i.ADC_MEASUREMENT_GetResult), (32 bytes).
    Removing adc_measurement.o(i.ADC_MEASUREMENT_StartConversion), (14 bytes).
    Removing adc_measurement_conf.o(.rev16_text), (4 bytes).
    Removing adc_measurement_conf.o(.revsh_text), (4 bytes).
    Removing clock_xmc1.o(.rev16_text), (4 bytes).
    Removing clock_xmc1.o(.revsh_text), (4 bytes).
    Removing clock_xmc1.o(i.CLOCK_XMC1_GetAppVersion), (30 bytes).
    Removing clock_xmc1.o(i.CLOCK_XMC1_SetMCLKFrequency), (12 bytes).
    Removing clock_xmc1_conf.o(.rev16_text), (4 bytes).
    Removing clock_xmc1_conf.o(.revsh_text), (4 bytes).
    Removing dave.o(.rev16_text), (4 bytes).
    Removing dave.o(.revsh_text), (4 bytes).
    Removing global_adc.o(.rev16_text), (4 bytes).
    Removing global_adc.o(.revsh_text), (4 bytes).
    Removing global_adc.o(i.GLOBAL_ADC_GetAppVersion), (30 bytes).
    Removing global_adc_conf.o(.rev16_text), (4 bytes).
    Removing global_adc_conf.o(.revsh_text), (4 bytes).
    Removing global_ccu4.o(.rev16_text), (4 bytes).
    Removing global_ccu4.o(.revsh_text), (4 bytes).
    Removing global_ccu4.o(i.GLOBAL_CCU4_GetAppVersion), (30 bytes).
    Removing global_ccu4_conf.o(.rev16_text), (4 bytes).
    Removing global_ccu4_conf.o(.revsh_text), (4 bytes).
    Removing pwm.o(.rev16_text), (4 bytes).
    Removing pwm.o(.revsh_text), (4 bytes).
    Removing pwm.o(i.PWM_ClearEvent), (32 bytes).
    Removing pwm.o(i.PWM_GetAppVersion), (30 bytes).
    Removing pwm.o(i.PWM_GetInterruptStatus), (44 bytes).
    Removing pwm.o(i.PWM_GetTimerStatus), (34 bytes).
    Removing pwm.o(i.PWM_SetFreqAndDutyCycle), (34 bytes).
    Removing pwm.o(i.PWM_SetPassiveLevel), (32 bytes).
    Removing pwm.o(i.PWM_SetPeriodMatchValue), (92 bytes).
    Removing pwm.o(i.PWM_Stop), (20 bytes).
    Removing pwm.o(i.PWM_lCCU4_SetFreqAndDutyCycle), (172 bytes).
    Removing pwm.o(i.PWM_lCCU4_Stop), (52 bytes).
    Removing pwm_conf.o(.rev16_text), (4 bytes).
    Removing pwm_conf.o(.revsh_text), (4 bytes).
    Removing watchdog.o(.rev16_text), (4 bytes).
    Removing watchdog.o(.revsh_text), (4 bytes).
    Removing watchdog.o(i.WATCHDOG_GetAppVersion), (30 bytes).
    Removing watchdog_conf.o(.rev16_text), (4 bytes).
    Removing watchdog_conf.o(.revsh_text), (4 bytes).
    Removing xmc1_eru.o(.rev16_text), (4 bytes).
    Removing xmc1_eru.o(.revsh_text), (4 bytes).
    Removing xmc1_eru.o(i.XMC_ERU_Disable), (2 bytes).
    Removing xmc1_eru.o(i.XMC_ERU_Enable), (2 bytes).
    Removing xmc1_flash.o(.rev16_text), (4 bytes).
    Removing xmc1_flash.o(.revsh_text), (4 bytes).
    Removing xmc1_flash.o(i.XMC_FLASH_ClearStatus), (20 bytes).
    Removing xmc1_flash.o(i.XMC_FLASH_DisableEvent), (16 bytes).
    Removing xmc1_flash.o(i.XMC_FLASH_EnableEvent), (20 bytes).
    Removing xmc1_flash.o(i.XMC_FLASH_ErasePage), (16 bytes).
    Removing xmc1_flash.o(i.XMC_FLASH_ErasePages), (42 bytes).
    Removing xmc1_flash.o(i.XMC_FLASH_EraseSector), (14 bytes).
    Removing xmc1_flash.o(i.XMC_FLASH_GetStatus), (12 bytes).
    Removing xmc1_flash.o(i.XMC_FLASH_IsBusy), (12 bytes).
    Removing xmc1_flash.o(i.XMC_FLASH_ProgramPage), (16 bytes).
    Removing xmc1_flash.o(i.XMC_FLASH_ProgramVerifyPage), (20 bytes).
    Removing xmc1_flash.o(i.XMC_FLASH_ReadBlocks), (32 bytes).
    Removing xmc1_flash.o(i.XMC_FLASH_VerifyBlocks), (96 bytes).
    Removing xmc1_flash.o(i.XMC_FLASH_WriteBlocks), (132 bytes).
    Removing xmc1_gpio.o(.rev16_text), (4 bytes).
    Removing xmc1_gpio.o(.revsh_text), (4 bytes).
    Removing xmc1_gpio.o(i.XMC_GPIO_SetInputHysteresis), (64 bytes).
    Removing xmc1_rtc.o(.rev16_text), (4 bytes).
    Removing xmc1_rtc.o(.revsh_text), (4 bytes).
    Removing xmc1_rtc.o(i.XMC_RTC_ClearEvent), (12 bytes).
    Removing xmc1_rtc.o(i.XMC_RTC_Disable), (12 bytes).
    Removing xmc1_rtc.o(i.XMC_RTC_DisableEvent), (16 bytes).
    Removing xmc1_rtc.o(i.XMC_RTC_Enable), (12 bytes).
    Removing xmc1_rtc.o(i.XMC_RTC_EnableEvent), (16 bytes).
    Removing xmc1_rtc.o(i.XMC_RTC_Init), (100 bytes).
    Removing xmc1_rtc.o(i.XMC_RTC_IsEnabled), (16 bytes).
    Removing xmc1_rtc.o(i.XMC_RTC_SetDebugMode), (24 bytes).
    Removing xmc1_scu.o(.rev16_text), (4 bytes).
    Removing xmc1_scu.o(.revsh_text), (4 bytes).
    Removing xmc1_scu.o(i.XMC_SCU_CLOCK_CalibrateOscillatorOnTemperature), (68 bytes).
    Removing xmc1_scu.o(i.XMC_SCU_CLOCK_GatePeripheralClock), (28 bytes).
    Removing xmc1_scu.o(i.XMC_SCU_CLOCK_GetFastPeripheralClockFrequency), (28 bytes).
    Removing xmc1_scu.o(i.XMC_SCU_CLOCK_GetPeripheralClockFrequency), (12 bytes).
    Removing xmc1_scu.o(i.XMC_SCU_CLOCK_IsPeripheralClockGated), (24 bytes).
    Removing xmc1_scu.o(i.XMC_SCU_CLOCK_SetFastPeripheralClockSource), (36 bytes).
    Removing xmc1_scu.o(i.XMC_SCU_CLOCK_SetMCLKFrequency), (44 bytes).
    Removing xmc1_scu.o(i.XMC_SCU_CLOCK_SetRtcClockSource), (36 bytes).
    Removing xmc1_scu.o(i.XMC_SCU_CalcTSEVAR), (52 bytes).
    Removing xmc1_scu.o(i.XMC_SCU_CalcTemperature), (12 bytes).
    Removing xmc1_scu.o(i.XMC_SCU_GetTemperature), (12 bytes).
    Removing xmc1_scu.o(i.XMC_SCU_HighTemperature), (20 bytes).
    Removing xmc1_scu.o(i.XMC_SCU_INTERRUPT_ClearEventStatus), (16 bytes).
    Removing xmc1_scu.o(i.XMC_SCU_INTERRUPT_DisableEvent), (16 bytes).
    Removing xmc1_scu.o(i.XMC_SCU_INTERRUPT_EnableEvent), (16 bytes).
    Removing xmc1_scu.o(i.XMC_SCU_INTERRUPT_SetEventHandler), (48 bytes).
    Removing xmc1_scu.o(i.XMC_SCU_INTERRUPT_TriggerEvent), (16 bytes).
    Removing xmc1_scu.o(i.XMC_SCU_INTERUPT_GetEventStatus), (12 bytes).
    Removing xmc1_scu.o(i.XMC_SCU_IRQHandler), (80 bytes).
    Removing xmc1_scu.o(i.XMC_SCU_LowTemperature), (12 bytes).
    Removing xmc1_scu.o(i.XMC_SCU_SetBMI), (36 bytes).
    Removing xmc1_scu.o(i.XMC_SCU_SetRawTempLimits), (12 bytes).
    Removing xmc1_scu.o(i.XMC_SCU_SetTempHighLimit), (36 bytes).
    Removing xmc1_scu.o(i.XMC_SCU_SetTempLowLimit), (36 bytes).
    Removing xmc1_scu.o(i.XMC_SCU_StartTempMeasurement), (20 bytes).
    Removing xmc1_scu.o(i.XMC_SCU_StopTempMeasurement), (24 bytes).
    Removing xmc1_scu.o(i.XMC_SCU_SupplyMonitorInit), (80 bytes).
    Removing xmc1_scu.o(.bss), (128 bytes).
    Removing xmc1_scu.o(.data), (12 bytes).
    Removing xmc_acmp.o(.rev16_text), (4 bytes).
    Removing xmc_acmp.o(.revsh_text), (4 bytes).
    Removing xmc_bccu.o(.rev16_text), (4 bytes).
    Removing xmc_bccu.o(.revsh_text), (4 bytes).
    Removing xmc_can.o(.rev16_text), (4 bytes).
    Removing xmc_can.o(.revsh_text), (4 bytes).
    Removing xmc_ccu4.o(.rev16_text), (4 bytes).
    Removing xmc_ccu4.o(.revsh_text), (4 bytes).
    Removing xmc_ccu4.o(i.XMC_CCU4_DisableModule), (28 bytes).
    Removing xmc_ccu4.o(i.XMC_CCU4_SLICE_Capture0Config), (22 bytes).
    Removing xmc_ccu4.o(i.XMC_CCU4_SLICE_Capture1Config), (22 bytes).
    Removing xmc_ccu4.o(i.XMC_CCU4_SLICE_CaptureInit), (32 bytes).
    Removing xmc_ccu4.o(i.XMC_CCU4_SLICE_ConfigureEvent), (102 bytes).
    Removing xmc_ccu4.o(i.XMC_CCU4_SLICE_ConfigureStatusBitOverrideEvent), (128 bytes).
    Removing xmc_ccu4.o(i.XMC_CCU4_SLICE_CountConfig), (24 bytes).
    Removing xmc_ccu4.o(i.XMC_CCU4_SLICE_DirectionConfig), (24 bytes).
    Removing xmc_ccu4.o(i.XMC_CCU4_SLICE_EnableDithering), (42 bytes).
    Removing xmc_ccu4.o(i.XMC_CCU4_SLICE_GateConfig), (24 bytes).
    Removing xmc_ccu4.o(i.XMC_CCU4_SLICE_GetCaptureRegisterValue), (12 bytes).
    Removing xmc_ccu4.o(i.XMC_CCU4_SLICE_GetCapturedValueFromFifo), (18 bytes).
    Removing xmc_ccu4.o(i.XMC_CCU4_SLICE_GetLastCapturedTimerValue), (94 bytes).
    Removing xmc_ccu4.o(i.XMC_CCU4_SLICE_LoadConfig), (24 bytes).
    Removing xmc_ccu4.o(i.XMC_CCU4_SLICE_ModulationConfig), (68 bytes).
    Removing xmc_ccu4.o(i.XMC_CCU4_SLICE_SetInput), (34 bytes).
    Removing xmc_ccu4.o(i.XMC_CCU4_SLICE_SetPassiveLevel), (18 bytes).
    Removing xmc_ccu4.o(i.XMC_CCU4_SLICE_SetTimerCountingMode), (24 bytes).
    Removing xmc_ccu4.o(i.XMC_CCU4_SLICE_SetTimerRepeatMode), (24 bytes).
    Removing xmc_ccu4.o(i.XMC_CCU4_SLICE_StartConfig), (46 bytes).
    Removing xmc_ccu4.o(i.XMC_CCU4_SLICE_StatusBitOverrideConfig), (20 bytes).
    Removing xmc_ccu4.o(i.XMC_CCU4_SLICE_StopConfig), (40 bytes).
    Removing xmc_ccu4.o(i.XMC_CCU4_SLICE_TrapConfig), (70 bytes).
    Removing xmc_ccu4.o(i.XMC_CCU4_SetModuleClock), (22 bytes).
    Removing xmc_ccu4.o(i.XMC_CCU4_SetMultiChannelShadowTransferMode), (20 bytes).
    Removing xmc_ccu8.o(.rev16_text), (4 bytes).
    Removing xmc_ccu8.o(.revsh_text), (4 bytes).
    Removing xmc_common.o(.rev16_text), (4 bytes).
    Removing xmc_common.o(.revsh_text), (4 bytes).
    Removing xmc_common.o(i.XMC_LIST_Add), (30 bytes).
    Removing xmc_common.o(i.XMC_LIST_GetHead), (6 bytes).
    Removing xmc_common.o(i.XMC_LIST_GetTail), (26 bytes).
    Removing xmc_common.o(i.XMC_LIST_Init), (6 bytes).
    Removing xmc_common.o(i.XMC_LIST_Insert), (20 bytes).
    Removing xmc_common.o(i.XMC_LIST_Remove), (54 bytes).
    Removing xmc_common.o(i.XMC_PRIOARRAY_Add), (110 bytes).
    Removing xmc_common.o(i.XMC_PRIOARRAY_Init), (84 bytes).
    Removing xmc_common.o(i.XMC_PRIOARRAY_Remove), (44 bytes).
    Removing xmc_eru.o(.rev16_text), (4 bytes).
    Removing xmc_eru.o(.revsh_text), (4 bytes).
    Removing xmc_eru.o(i.XMC_ERU_ETL_DisableOutputTrigger), (24 bytes).
    Removing xmc_eru.o(i.XMC_ERU_ETL_EnableOutputTrigger), (54 bytes).
    Removing xmc_eru.o(i.XMC_ERU_ETL_GetEdgeDetection), (16 bytes).
    Removing xmc_eru.o(i.XMC_ERU_ETL_Init), (46 bytes).
    Removing xmc_eru.o(i.XMC_ERU_ETL_SetEdgeDetection), (32 bytes).
    Removing xmc_eru.o(i.XMC_ERU_ETL_SetInput), (26 bytes).
    Removing xmc_eru.o(i.XMC_ERU_ETL_SetSource), (36 bytes).
    Removing xmc_eru.o(i.XMC_ERU_ETL_SetStatusFlagMode), (32 bytes).
    Removing xmc_eru.o(i.XMC_ERU_OGU_DisablePatternDetection), (24 bytes).
    Removing xmc_eru.o(i.XMC_ERU_OGU_DisablePeripheralTrigger), (24 bytes).
    Removing xmc_eru.o(i.XMC_ERU_OGU_EnablePatternDetection), (58 bytes).
    Removing xmc_eru.o(i.XMC_ERU_OGU_EnablePeripheralTrigger), (30 bytes).
    Removing xmc_eru.o(i.XMC_ERU_OGU_Init), (26 bytes).
    Removing xmc_eru.o(i.XMC_ERU_OGU_SetServiceRequestMode), (32 bytes).
    Removing xmc_gpio.o(.rev16_text), (4 bytes).
    Removing xmc_gpio.o(.revsh_text), (4 bytes).
    Removing xmc_gpio.o(i.XMC_GPIO_SetHardwareControl), (28 bytes).
    Removing xmc_gpio.o(i.XMC_GPIO_SetMode), (64 bytes).
    Removing xmc_i2c.o(.rev16_text), (4 bytes).
    Removing xmc_i2c.o(.revsh_text), (4 bytes).
    Removing xmc_i2c.o(i.XMC_I2C_CH_ClearStatusFlag), (8 bytes).
    Removing xmc_i2c.o(i.XMC_I2C_CH_DisableEvent), (28 bytes).
    Removing xmc_i2c.o(i.XMC_I2C_CH_EnableEvent), (28 bytes).
    Removing xmc_i2c.o(i.XMC_I2C_CH_GetReceivedData), (34 bytes).
    Removing xmc_i2c.o(i.XMC_I2C_CH_GetSlaveAddress), (36 bytes).
    Removing xmc_i2c.o(i.XMC_I2C_CH_Init), (56 bytes).
    Removing xmc_i2c.o(i.XMC_I2C_CH_MasterReceiveAck), (64 bytes).
    Removing xmc_i2c.o(i.XMC_I2C_CH_MasterReceiveNack), (62 bytes).
    Removing xmc_i2c.o(i.XMC_I2C_CH_MasterRepeatedStart), (76 bytes).
    Removing xmc_i2c.o(i.XMC_I2C_CH_MasterStart), (76 bytes).
    Removing xmc_i2c.o(i.XMC_I2C_CH_MasterStop), (62 bytes).
    Removing xmc_i2c.o(i.XMC_I2C_CH_MasterTransmit), (58 bytes).
    Removing xmc_i2c.o(i.XMC_I2C_CH_SetBaudrate), (88 bytes).
    Removing xmc_i2c.o(i.XMC_I2C_CH_SetSlaveAddress), (38 bytes).
    Removing xmc_i2c.o(i.XMC_I2C_CH_SlaveTransmit), (70 bytes).
    Removing xmc_i2c.o(i.XMC_I2C_CH_Stop), (44 bytes).
    Removing xmc_i2c.o(i.XMC_USIC_CH_GetTransmitBufferStatus), (10 bytes).
    Removing xmc_i2s.o(.rev16_text), (4 bytes).
    Removing xmc_i2s.o(.revsh_text), (4 bytes).
    Removing xmc_i2s.o(i.XMC_I2S_CH_DisableEvent), (32 bytes).
    Removing xmc_i2s.o(i.XMC_I2S_CH_EnableEvent), (32 bytes).
    Removing xmc_i2s.o(i.XMC_I2S_CH_GetReceivedData), (34 bytes).
    Removing xmc_i2s.o(i.XMC_I2S_CH_Init), (110 bytes).
    Removing xmc_i2s.o(i.XMC_I2S_CH_SetBaudrate), (52 bytes).
    Removing xmc_i2s.o(i.XMC_I2S_CH_SetSystemWordLength), (116 bytes).
    Removing xmc_i2s.o(i.XMC_I2S_CH_Stop), (44 bytes).
    Removing xmc_i2s.o(i.XMC_I2S_CH_Transmit), (70 bytes).
    Removing xmc_i2s.o(i.XMC_USIC_CH_GetTransmitBufferStatus), (10 bytes).
    Removing xmc_ledts.o(.rev16_text), (4 bytes).
    Removing xmc_ledts.o(.revsh_text), (4 bytes).
    Removing xmc_math.o(.rev16_text), (4 bytes).
    Removing xmc_math.o(.revsh_text), (4 bytes).
    Removing xmc_pau.o(.rev16_text), (4 bytes).
    Removing xmc_pau.o(.revsh_text), (4 bytes).
    Removing xmc_pau.o(i.XMC_PAU_DisablePeripheralAccess), (28 bytes).
    Removing xmc_pau.o(i.XMC_PAU_EnablePeripheralAccess), (28 bytes).
    Removing xmc_pau.o(i.XMC_PAU_IsPeripheralAccessEnabled), (32 bytes).
    Removing xmc_pau.o(i.XMC_PAU_IsPeripheralAvailable), (32 bytes).
    Removing xmc_posif.o(.rev16_text), (4 bytes).
    Removing xmc_posif.o(.revsh_text), (4 bytes).
    Removing xmc_prng.o(.rev16_text), (4 bytes).
    Removing xmc_prng.o(.revsh_text), (4 bytes).
    Removing xmc_prng.o(i.XMC_PRNG_Init), (144 bytes).
    Removing xmc_prng.o(i.XMC_PRNG_SetRandomDataBlockSize), (24 bytes).
    Removing xmc_rtc.o(.rev16_text), (4 bytes).
    Removing xmc_rtc.o(.revsh_text), (4 bytes).
    Removing xmc_rtc.o(i.XMC_RTC_GetAlarm), (20 bytes).
    Removing xmc_rtc.o(i.XMC_RTC_GetAlarmStdFormat), (76 bytes).
    Removing xmc_rtc.o(i.XMC_RTC_GetEventStatus), (12 bytes).
    Removing xmc_rtc.o(i.XMC_RTC_GetTime), (20 bytes).
    Removing xmc_rtc.o(i.XMC_RTC_GetTimeStdFormat), (84 bytes).
    Removing xmc_rtc.o(i.XMC_RTC_SetAlarm), (36 bytes).
    Removing xmc_rtc.o(i.XMC_RTC_SetAlarmStdFormat), (140 bytes).
    Removing xmc_rtc.o(i.XMC_RTC_SetPrescaler), (40 bytes).
    Removing xmc_rtc.o(i.XMC_RTC_SetTime), (36 bytes).
    Removing xmc_rtc.o(i.XMC_RTC_SetTimeStdFormat), (156 bytes).
    Removing xmc_rtc.o(i.XMC_RTC_Start), (36 bytes).
    Removing xmc_rtc.o(i.XMC_RTC_Stop), (36 bytes).
    Removing xmc_rtc.o(i.XMC_SCU_GetMirrorStatus), (12 bytes).
    Removing xmc_spi.o(.rev16_text), (4 bytes).
    Removing xmc_spi.o(.revsh_text), (4 bytes).
    Removing xmc_spi.o(i.XMC_SPI_CH_ClearStatusFlag), (8 bytes).
    Removing xmc_spi.o(i.XMC_SPI_CH_DisableEvent), (30 bytes).
    Removing xmc_spi.o(i.XMC_SPI_CH_DisableSlaveSelect), (24 bytes).
    Removing xmc_spi.o(i.XMC_SPI_CH_EnableEvent), (30 bytes).
    Removing xmc_spi.o(i.XMC_SPI_CH_EnableSlaveSelect), (18 bytes).
    Removing xmc_spi.o(i.XMC_SPI_CH_GetReceivedData), (34 bytes).
    Removing xmc_spi.o(i.XMC_SPI_CH_Init), (68 bytes).
    Removing xmc_spi.o(i.XMC_SPI_CH_SetBaudrate), (38 bytes).
    Removing xmc_spi.o(i.XMC_SPI_CH_SetInterwordDelay), (236 bytes).
    Removing xmc_spi.o(i.XMC_SPI_CH_Stop), (44 bytes).
    Removing xmc_spi.o(i.XMC_SPI_CH_Transmit), (84 bytes).
    Removing xmc_spi.o(i.XMC_USIC_CH_GetTransmitBufferStatus), (10 bytes).
    Removing xmc_uart.o(.rev16_text), (4 bytes).
    Removing xmc_uart.o(.revsh_text), (4 bytes).
    Removing xmc_uart.o(i.XMC_UART_CH_DisableEvent), (24 bytes).
    Removing xmc_uart.o(i.XMC_UART_CH_EnableEvent), (24 bytes).
    Removing xmc_uart.o(i.XMC_UART_CH_GetReceivedData), (34 bytes).
    Removing xmc_uart.o(i.XMC_UART_CH_Init), (118 bytes).
    Removing xmc_uart.o(i.XMC_UART_CH_SetBaudrate), (44 bytes).
    Removing xmc_uart.o(i.XMC_UART_CH_Stop), (56 bytes).
    Removing xmc_uart.o(i.XMC_UART_CH_Transmit), (56 bytes).
    Removing xmc_uart.o(i.XMC_USIC_CH_GetTransmitBufferStatus), (10 bytes).
    Removing xmc_usic.o(.rev16_text), (4 bytes).
    Removing xmc_usic.o(.revsh_text), (4 bytes).
    Removing xmc_usic.o(i.XMC_USIC_CH_ConfigExternalInputSignalToBRG), (76 bytes).
    Removing xmc_usic.o(i.XMC_USIC_CH_Disable), (14 bytes).
    Removing xmc_usic.o(i.XMC_USIC_CH_Enable), (60 bytes).
    Removing xmc_usic.o(i.XMC_USIC_CH_RXFIFO_Configure), (60 bytes).
    Removing xmc_usic.o(i.XMC_USIC_CH_RXFIFO_SetInterruptNodePointer), (28 bytes).
    Removing xmc_usic.o(i.XMC_USIC_CH_RXFIFO_SetSizeTriggerLimit), (46 bytes).
    Removing xmc_usic.o(i.XMC_USIC_CH_SetBaudrate), (180 bytes).
    Removing xmc_usic.o(i.XMC_USIC_CH_SetInterruptNodePointer), (20 bytes).
    Removing xmc_usic.o(i.XMC_USIC_CH_TXFIFO_Configure), (52 bytes).
    Removing xmc_usic.o(i.XMC_USIC_CH_TXFIFO_SetInterruptNodePointer), (28 bytes).
    Removing xmc_usic.o(i.XMC_USIC_CH_TXFIFO_SetSizeTriggerLimit), (46 bytes).
    Removing xmc_usic.o(i.XMC_USIC_Disable), (24 bytes).
    Removing xmc_usic.o(i.XMC_USIC_Enable), (24 bytes).
    Removing xmc_vadc.o(.rev16_text), (4 bytes).
    Removing xmc_vadc.o(.revsh_text), (4 bytes).
    Removing xmc_vadc.o(i.XMC_VADC_GLOBAL_BackgroundAbortSequence), (48 bytes).
    Removing xmc_vadc.o(i.XMC_VADC_GLOBAL_BackgroundGetNumChannelsPending), (64 bytes).
    Removing xmc_vadc.o(i.XMC_VADC_GLOBAL_BackgroundSelectGating), (36 bytes).
    Removing xmc_vadc.o(i.XMC_VADC_GLOBAL_BackgroundSelectTrigger), (36 bytes).
    Removing xmc_vadc.o(i.XMC_VADC_GLOBAL_BackgroundSelectTriggerEdge), (36 bytes).
    Removing xmc_vadc.o(i.XMC_VADC_GLOBAL_BackgroundSetReqSrcEventInterruptNode), (40 bytes).
    Removing xmc_vadc.o(i.XMC_VADC_GLOBAL_DisableModule), (10 bytes).
    Removing xmc_vadc.o(i.XMC_VADC_GLOBAL_GetCompareResult), (28 bytes).
    Removing xmc_vadc.o(i.XMC_VADC_GLOBAL_SHS_Init), (12 bytes).
    Removing xmc_vadc.o(i.XMC_VADC_GLOBAL_SHS_SetGainFactor), (86 bytes).
    Removing xmc_vadc.o(i.XMC_VADC_GLOBAL_SHS_SetSigmaDeltaLoop), (32 bytes).
    Removing xmc_vadc.o(i.XMC_VADC_GLOBAL_SetCompareValue), (42 bytes).
    Removing xmc_wdt.o(.rev16_text), (4 bytes).
    Removing xmc_wdt.o(.revsh_text), (4 bytes).
    Removing xmc_wdt.o(i.XMC_WDT_Disable), (12 bytes).
    Removing system_xmc1100.o(.rev16_text), (4 bytes).
    Removing system_xmc1100.o(.revsh_text), (4 bytes).
    Removing system_xmc1100.o(i.SystemCoreClockSetup), (56 bytes).

298 unused section(s) (total 9456 bytes) removed from the image.

==============================================================================

Image Symbol Table

    Local Symbols

    Symbol Name                              Value     Ov Type        Size  Object(Section)

    ../clib/angel/boardlib.s                 0x00000000   Number         0  boardshut.o ABSOLUTE
    ../clib/angel/boardlib.s                 0x00000000   Number         0  boardinit3.o ABSOLUTE
    ../clib/angel/boardlib.s                 0x00000000   Number         0  boardinit2.o ABSOLUTE
    ../clib/angel/boardlib.s                 0x00000000   Number         0  boardinit1.o ABSOLUTE
    ../clib/angel/handlers.s                 0x00000000   Number         0  __scatter_copy.o ABSOLUTE
    ../clib/angel/handlers.s                 0x00000000   Number         0  __scatter_zi.o ABSOLUTE
    ../clib/angel/kernel.s                   0x00000000   Number         0  __rtentry4.o ABSOLUTE
    ../clib/angel/kernel.s                   0x00000000   Number         0  __rtentry2.o ABSOLUTE
    ../clib/angel/kernel.s                   0x00000000   Number         0  rtexit2.o ABSOLUTE
    ../clib/angel/kernel.s                   0x00000000   Number         0  rtexit.o ABSOLUTE
    ../clib/angel/kernel.s                   0x00000000   Number         0  __rtentry.o ABSOLUTE
    ../clib/angel/rt.s                       0x00000000   Number         0  aeabi_idiv0_sigfpe.o ABSOLUTE
    ../clib/angel/rt.s                       0x00000000   Number         0  aeabi_idiv0.o ABSOLUTE
    ../clib/angel/rt.s                       0x00000000   Number         0  rt_raise.o ABSOLUTE
    ../clib/angel/rt.s                       0x00000000   Number         0  rt_div0.o ABSOLUTE
    ../clib/angel/scatterp.s                 0x00000000   Number         0  __scatter.o ABSOLUTE
    ../clib/angel/startup.s                  0x00000000   Number         0  __main.o ABSOLUTE
    ../clib/angel/sys.s                      0x00000000   Number         0  indicate_semi.o ABSOLUTE
    ../clib/angel/sys.s                      0x00000000   Number         0  sys_stackheap_outer.o ABSOLUTE
    ../clib/angel/sys.s                      0x00000000   Number         0  tempstk.o ABSOLUTE
    ../clib/angel/sys.s                      0x00000000   Number         0  libspace.o ABSOLUTE
    ../clib/angel/sys.s                      0x00000000   Number         0  use_no_semi.o ABSOLUTE
    ../clib/angel/sysapp.c                   0x00000000   Number         0  sys_exit.o ABSOLUTE
    ../clib/angel/sysapp.c                   0x00000000   Number         0  sys_command.o ABSOLUTE
    ../clib/angel/sysapp.c                   0x00000000   Number         0  sys_wrch.o ABSOLUTE
    ../clib/armsys.c                         0x00000000   Number         0  argv_veneer.o ABSOLUTE
    ../clib/armsys.c                         0x00000000   Number         0  no_argv.o ABSOLUTE
    ../clib/armsys.c                         0x00000000   Number         0  _get_argv_nomalloc.o ABSOLUTE
    ../clib/division.s                       0x00000000   Number         0  aeabi_sdiv_div0.o ABSOLUTE
    ../clib/division.s                       0x00000000   Number         0  aeabi_sdiv.o ABSOLUTE
    ../clib/heapalloc.c                      0x00000000   Number         0  hrguard.o ABSOLUTE
    ../clib/heapaux.c                        0x00000000   Number         0  heapauxi.o ABSOLUTE
    ../clib/libinit.s                        0x00000000   Number         0  libinit.o ABSOLUTE
    ../clib/libinit.s                        0x00000000   Number         0  libshutdown.o ABSOLUTE
    ../clib/libinit.s                        0x00000000   Number         0  libshutdown2.o ABSOLUTE
    ../clib/libinit.s                        0x00000000   Number         0  libinit2.o ABSOLUTE
    ../clib/signal.c                         0x00000000   Number         0  defsig_rtmem_inner.o ABSOLUTE
    ../clib/signal.c                         0x00000000   Number         0  defsig_rtred_inner.o ABSOLUTE
    ../clib/signal.c                         0x00000000   Number         0  defsig_other.o ABSOLUTE
    ../clib/signal.c                         0x00000000   Number         0  defsig_abrt_inner.o ABSOLUTE
    ../clib/signal.c                         0x00000000   Number         0  defsig_exit.o ABSOLUTE
    ../clib/signal.c                         0x00000000   Number         0  defsig_segv_inner.o ABSOLUTE
    ../clib/signal.c                         0x00000000   Number         0  defsig_cppl_inner.o ABSOLUTE
    ../clib/signal.c                         0x00000000   Number         0  defsig_pvfn_inner.o ABSOLUTE
    ../clib/signal.c                         0x00000000   Number         0  defsig_fpe_inner.o ABSOLUTE
    ../clib/signal.c                         0x00000000   Number         0  defsig_fpe_formal.o ABSOLUTE
    ../clib/signal.c                         0x00000000   Number         0  defsig_stak_inner.o ABSOLUTE
    ../clib/signal.c                         0x00000000   Number         0  defsig_rtmem_formal.o ABSOLUTE
    ../clib/signal.c                         0x00000000   Number         0  defsig_fpe_outer.o ABSOLUTE
    ../clib/signal.c                         0x00000000   Number         0  defsig_general.o ABSOLUTE
    ../clib/signal.c                         0x00000000   Number         0  defsig_rtmem_outer.o ABSOLUTE
    ../clib/signal.c                         0x00000000   Number         0  __raise.o ABSOLUTE
    ../clib/signal.s                         0x00000000   Number         0  defsig.o ABSOLUTE
    ../clib/stdlib.c                         0x00000000   Number         0  exit.o ABSOLUTE
    ../fplib/cfplib/fpinit.c                 0x00000000   Number         0  fpinit.o ABSOLUTE
    C:\Keil_v5\ARM\PACK\Infineon\XMC1000_DFP\2.7.1\Device\XMClib\src\xmc1_eru.c 0x00000000   Number         0  xmc1_eru.o ABSOLUTE
    C:\Keil_v5\ARM\PACK\Infineon\XMC1000_DFP\2.7.1\Device\XMClib\src\xmc1_flash.c 0x00000000   Number         0  xmc1_flash.o ABSOLUTE
    C:\Keil_v5\ARM\PACK\Infineon\XMC1000_DFP\2.7.1\Device\XMClib\src\xmc1_gpio.c 0x00000000   Number         0  xmc1_gpio.o ABSOLUTE
    C:\Keil_v5\ARM\PACK\Infineon\XMC1000_DFP\2.7.1\Device\XMClib\src\xmc1_rtc.c 0x00000000   Number         0  xmc1_rtc.o ABSOLUTE
    C:\Keil_v5\ARM\PACK\Infineon\XMC1000_DFP\2.7.1\Device\XMClib\src\xmc1_scu.c 0x00000000   Number         0  xmc1_scu.o ABSOLUTE
    C:\Keil_v5\ARM\PACK\Infineon\XMC1000_DFP\2.7.1\Device\XMClib\src\xmc_acmp.c 0x00000000   Number         0  xmc_acmp.o ABSOLUTE
    C:\Keil_v5\ARM\PACK\Infineon\XMC1000_DFP\2.7.1\Device\XMClib\src\xmc_bccu.c 0x00000000   Number         0  xmc_bccu.o ABSOLUTE
    C:\Keil_v5\ARM\PACK\Infineon\XMC1000_DFP\2.7.1\Device\XMClib\src\xmc_can.c 0x00000000   Number         0  xmc_can.o ABSOLUTE
    C:\Keil_v5\ARM\PACK\Infineon\XMC1000_DFP\2.7.1\Device\XMClib\src\xmc_ccu4.c 0x00000000   Number         0  xmc_ccu4.o ABSOLUTE
    C:\Keil_v5\ARM\PACK\Infineon\XMC1000_DFP\2.7.1\Device\XMClib\src\xmc_ccu8.c 0x00000000   Number         0  xmc_ccu8.o ABSOLUTE
    C:\Keil_v5\ARM\PACK\Infineon\XMC1000_DFP\2.7.1\Device\XMClib\src\xmc_common.c 0x00000000   Number         0  xmc_common.o ABSOLUTE
    C:\Keil_v5\ARM\PACK\Infineon\XMC1000_DFP\2.7.1\Device\XMClib\src\xmc_eru.c 0x00000000   Number         0  xmc_eru.o ABSOLUTE
    C:\Keil_v5\ARM\PACK\Infineon\XMC1000_DFP\2.7.1\Device\XMClib\src\xmc_gpio.c 0x00000000   Number         0  xmc_gpio.o ABSOLUTE
    C:\Keil_v5\ARM\PACK\Infineon\XMC1000_DFP\2.7.1\Device\XMClib\src\xmc_i2c.c 0x00000000   Number         0  xmc_i2c.o ABSOLUTE
    C:\Keil_v5\ARM\PACK\Infineon\XMC1000_DFP\2.7.1\Device\XMClib\src\xmc_i2s.c 0x00000000   Number         0  xmc_i2s.o ABSOLUTE
    C:\Keil_v5\ARM\PACK\Infineon\XMC1000_DFP\2.7.1\Device\XMClib\src\xmc_ledts.c 0x00000000   Number         0  xmc_ledts.o ABSOLUTE
    C:\Keil_v5\ARM\PACK\Infineon\XMC1000_DFP\2.7.1\Device\XMClib\src\xmc_math.c 0x00000000   Number         0  xmc_math.o ABSOLUTE
    C:\Keil_v5\ARM\PACK\Infineon\XMC1000_DFP\2.7.1\Device\XMClib\src\xmc_pau.c 0x00000000   Number         0  xmc_pau.o ABSOLUTE
    C:\Keil_v5\ARM\PACK\Infineon\XMC1000_DFP\2.7.1\Device\XMClib\src\xmc_posif.c 0x00000000   Number         0  xmc_posif.o ABSOLUTE
    C:\Keil_v5\ARM\PACK\Infineon\XMC1000_DFP\2.7.1\Device\XMClib\src\xmc_prng.c 0x00000000   Number         0  xmc_prng.o ABSOLUTE
    C:\Keil_v5\ARM\PACK\Infineon\XMC1000_DFP\2.7.1\Device\XMClib\src\xmc_rtc.c 0x00000000   Number         0  xmc_rtc.o ABSOLUTE
    C:\Keil_v5\ARM\PACK\Infineon\XMC1000_DFP\2.7.1\Device\XMClib\src\xmc_spi.c 0x00000000   Number         0  xmc_spi.o ABSOLUTE
    C:\Keil_v5\ARM\PACK\Infineon\XMC1000_DFP\2.7.1\Device\XMClib\src\xmc_uart.c 0x00000000   Number         0  xmc_uart.o ABSOLUTE
    C:\Keil_v5\ARM\PACK\Infineon\XMC1000_DFP\2.7.1\Device\XMClib\src\xmc_usic.c 0x00000000   Number         0  xmc_usic.o ABSOLUTE
    C:\Keil_v5\ARM\PACK\Infineon\XMC1000_DFP\2.7.1\Device\XMClib\src\xmc_vadc.c 0x00000000   Number         0  xmc_vadc.o ABSOLUTE
    C:\Keil_v5\ARM\PACK\Infineon\XMC1000_DFP\2.7.1\Device\XMClib\src\xmc_wdt.c 0x00000000   Number         0  xmc_wdt.o ABSOLUTE
    C:\Users\conor\Desktop\Conor\WIT\Semester4\Embedded Systems\Conor\Conor\Dave\Generated\ADC_MEASUREMENT\adc_measurement.c 0x00000000   Number         0  adc_measurement.o ABSOLUTE
    C:\Users\conor\Desktop\Conor\WIT\Semester4\Embedded Systems\Conor\Conor\Dave\Generated\ADC_MEASUREMENT\adc_measurement_conf.c 0x00000000   Number         0  adc_measurement_conf.o ABSOLUTE
    C:\Users\conor\Desktop\Conor\WIT\Semester4\Embedded Systems\Conor\Conor\Dave\Generated\CLOCK_XMC1\clock_xmc1.c 0x00000000   Number         0  clock_xmc1.o ABSOLUTE
    C:\Users\conor\Desktop\Conor\WIT\Semester4\Embedded Systems\Conor\Conor\Dave\Generated\CLOCK_XMC1\clock_xmc1_conf.c 0x00000000   Number         0  clock_xmc1_conf.o ABSOLUTE
    C:\Users\conor\Desktop\Conor\WIT\Semester4\Embedded Systems\Conor\Conor\Dave\Generated\DAVE.c 0x00000000   Number         0  dave.o ABSOLUTE
    C:\Users\conor\Desktop\Conor\WIT\Semester4\Embedded Systems\Conor\Conor\Dave\Generated\GLOBAL_ADC\global_adc.c 0x00000000   Number         0  global_adc.o ABSOLUTE
    C:\Users\conor\Desktop\Conor\WIT\Semester4\Embedded Systems\Conor\Conor\Dave\Generated\GLOBAL_ADC\global_adc_conf.c 0x00000000   Number         0  global_adc_conf.o ABSOLUTE
    C:\Users\conor\Desktop\Conor\WIT\Semester4\Embedded Systems\Conor\Conor\Dave\Generated\GLOBAL_CCU4\global_ccu4.c 0x00000000   Number         0  global_ccu4.o ABSOLUTE
    C:\Users\conor\Desktop\Conor\WIT\Semester4\Embedded Systems\Conor\Conor\Dave\Generated\GLOBAL_CCU4\global_ccu4_conf.c 0x00000000   Number         0  global_ccu4_conf.o ABSOLUTE
    C:\Users\conor\Desktop\Conor\WIT\Semester4\Embedded Systems\Conor\Conor\Dave\Generated\PWM\pwm.c 0x00000000   Number         0  pwm.o ABSOLUTE
    C:\Users\conor\Desktop\Conor\WIT\Semester4\Embedded Systems\Conor\Conor\Dave\Generated\PWM\pwm_conf.c 0x00000000   Number         0  pwm_conf.o ABSOLUTE
    C:\Users\conor\Desktop\Conor\WIT\Semester4\Embedded Systems\Conor\Conor\Dave\Generated\WATCHDOG\watchdog.c 0x00000000   Number         0  watchdog.o ABSOLUTE
    C:\Users\conor\Desktop\Conor\WIT\Semester4\Embedded Systems\Conor\Conor\Dave\Generated\WATCHDOG\watchdog_conf.c 0x00000000   Number         0  watchdog_conf.o ABSOLUTE
    C:\\Keil_v5\\ARM\\PACK\\Infineon\\XMC1000_DFP\\2.7.1\\Device\\XMClib\\src\\xmc1_eru.c 0x00000000   Number         0  xmc1_eru.o ABSOLUTE
    C:\\Keil_v5\\ARM\\PACK\\Infineon\\XMC1000_DFP\\2.7.1\\Device\\XMClib\\src\\xmc1_flash.c 0x00000000   Number         0  xmc1_flash.o ABSOLUTE
    C:\\Keil_v5\\ARM\\PACK\\Infineon\\XMC1000_DFP\\2.7.1\\Device\\XMClib\\src\\xmc1_gpio.c 0x00000000   Number         0  xmc1_gpio.o ABSOLUTE
    C:\\Keil_v5\\ARM\\PACK\\Infineon\\XMC1000_DFP\\2.7.1\\Device\\XMClib\\src\\xmc1_rtc.c 0x00000000   Number         0  xmc1_rtc.o ABSOLUTE
    C:\\Keil_v5\\ARM\\PACK\\Infineon\\XMC1000_DFP\\2.7.1\\Device\\XMClib\\src\\xmc1_scu.c 0x00000000   Number         0  xmc1_scu.o ABSOLUTE
    C:\\Keil_v5\\ARM\\PACK\\Infineon\\XMC1000_DFP\\2.7.1\\Device\\XMClib\\src\\xmc_acmp.c 0x00000000   Number         0  xmc_acmp.o ABSOLUTE
    C:\\Keil_v5\\ARM\\PACK\\Infineon\\XMC1000_DFP\\2.7.1\\Device\\XMClib\\src\\xmc_bccu.c 0x00000000   Number         0  xmc_bccu.o ABSOLUTE
    C:\\Keil_v5\\ARM\\PACK\\Infineon\\XMC1000_DFP\\2.7.1\\Device\\XMClib\\src\\xmc_can.c 0x00000000   Number         0  xmc_can.o ABSOLUTE
    C:\\Keil_v5\\ARM\\PACK\\Infineon\\XMC1000_DFP\\2.7.1\\Device\\XMClib\\src\\xmc_ccu4.c 0x00000000   Number         0  xmc_ccu4.o ABSOLUTE
    C:\\Keil_v5\\ARM\\PACK\\Infineon\\XMC1000_DFP\\2.7.1\\Device\\XMClib\\src\\xmc_ccu8.c 0x00000000   Number         0  xmc_ccu8.o ABSOLUTE
    C:\\Keil_v5\\ARM\\PACK\\Infineon\\XMC1000_DFP\\2.7.1\\Device\\XMClib\\src\\xmc_common.c 0x00000000   Number         0  xmc_common.o ABSOLUTE
    C:\\Keil_v5\\ARM\\PACK\\Infineon\\XMC1000_DFP\\2.7.1\\Device\\XMClib\\src\\xmc_eru.c 0x00000000   Number         0  xmc_eru.o ABSOLUTE
    C:\\Keil_v5\\ARM\\PACK\\Infineon\\XMC1000_DFP\\2.7.1\\Device\\XMClib\\src\\xmc_gpio.c 0x00000000   Number         0  xmc_gpio.o ABSOLUTE
    C:\\Keil_v5\\ARM\\PACK\\Infineon\\XMC1000_DFP\\2.7.1\\Device\\XMClib\\src\\xmc_i2c.c 0x00000000   Number         0  xmc_i2c.o ABSOLUTE
    C:\\Keil_v5\\ARM\\PACK\\Infineon\\XMC1000_DFP\\2.7.1\\Device\\XMClib\\src\\xmc_i2s.c 0x00000000   Number         0  xmc_i2s.o ABSOLUTE
    C:\\Keil_v5\\ARM\\PACK\\Infineon\\XMC1000_DFP\\2.7.1\\Device\\XMClib\\src\\xmc_ledts.c 0x00000000   Number         0  xmc_ledts.o ABSOLUTE
    C:\\Keil_v5\\ARM\\PACK\\Infineon\\XMC1000_DFP\\2.7.1\\Device\\XMClib\\src\\xmc_math.c 0x00000000   Number         0  xmc_math.o ABSOLUTE
    C:\\Keil_v5\\ARM\\PACK\\Infineon\\XMC1000_DFP\\2.7.1\\Device\\XMClib\\src\\xmc_pau.c 0x00000000   Number         0  xmc_pau.o ABSOLUTE
    C:\\Keil_v5\\ARM\\PACK\\Infineon\\XMC1000_DFP\\2.7.1\\Device\\XMClib\\src\\xmc_posif.c 0x00000000   Number         0  xmc_posif.o ABSOLUTE
    C:\\Keil_v5\\ARM\\PACK\\Infineon\\XMC1000_DFP\\2.7.1\\Device\\XMClib\\src\\xmc_prng.c 0x00000000   Number         0  xmc_prng.o ABSOLUTE
    C:\\Keil_v5\\ARM\\PACK\\Infineon\\XMC1000_DFP\\2.7.1\\Device\\XMClib\\src\\xmc_rtc.c 0x00000000   Number         0  xmc_rtc.o ABSOLUTE
    C:\\Keil_v5\\ARM\\PACK\\Infineon\\XMC1000_DFP\\2.7.1\\Device\\XMClib\\src\\xmc_spi.c 0x00000000   Number         0  xmc_spi.o ABSOLUTE
    C:\\Keil_v5\\ARM\\PACK\\Infineon\\XMC1000_DFP\\2.7.1\\Device\\XMClib\\src\\xmc_uart.c 0x00000000   Number         0  xmc_uart.o ABSOLUTE
    C:\\Keil_v5\\ARM\\PACK\\Infineon\\XMC1000_DFP\\2.7.1\\Device\\XMClib\\src\\xmc_usic.c 0x00000000   Number         0  xmc_usic.o ABSOLUTE
    C:\\Keil_v5\\ARM\\PACK\\Infineon\\XMC1000_DFP\\2.7.1\\Device\\XMClib\\src\\xmc_vadc.c 0x00000000   Number         0  xmc_vadc.o ABSOLUTE
    C:\\Keil_v5\\ARM\\PACK\\Infineon\\XMC1000_DFP\\2.7.1\\Device\\XMClib\\src\\xmc_wdt.c 0x00000000   Number         0  xmc_wdt.o ABSOLUTE
    C:\\Users\\conor\\Desktop\\Conor\\WIT\\Semester4\\Embedded Systems\\Conor\\Conor\\Dave\\Generated\\ADC_MEASUREMENT\\adc_measurement.c 0x00000000   Number         0  adc_measurement.o ABSOLUTE
    C:\\Users\\conor\\Desktop\\Conor\\WIT\\Semester4\\Embedded Systems\\Conor\\Conor\\Dave\\Generated\\ADC_MEASUREMENT\\adc_measurement_conf.c 0x00000000   Number         0  adc_measurement_conf.o ABSOLUTE
    C:\\Users\\conor\\Desktop\\Conor\\WIT\\Semester4\\Embedded Systems\\Conor\\Conor\\Dave\\Generated\\CLOCK_XMC1\\clock_xmc1.c 0x00000000   Number         0  clock_xmc1.o ABSOLUTE
    C:\\Users\\conor\\Desktop\\Conor\\WIT\\Semester4\\Embedded Systems\\Conor\\Conor\\Dave\\Generated\\CLOCK_XMC1\\clock_xmc1_conf.c 0x00000000   Number         0  clock_xmc1_conf.o ABSOLUTE
    C:\\Users\\conor\\Desktop\\Conor\\WIT\\Semester4\\Embedded Systems\\Conor\\Conor\\Dave\\Generated\\DAVE.c 0x00000000   Number         0  dave.o ABSOLUTE
    C:\\Users\\conor\\Desktop\\Conor\\WIT\\Semester4\\Embedded Systems\\Conor\\Conor\\Dave\\Generated\\GLOBAL_ADC\\global_adc.c 0x00000000   Number         0  global_adc.o ABSOLUTE
    C:\\Users\\conor\\Desktop\\Conor\\WIT\\Semester4\\Embedded Systems\\Conor\\Conor\\Dave\\Generated\\GLOBAL_ADC\\global_adc_conf.c 0x00000000   Number         0  global_adc_conf.o ABSOLUTE
    C:\\Users\\conor\\Desktop\\Conor\\WIT\\Semester4\\Embedded Systems\\Conor\\Conor\\Dave\\Generated\\GLOBAL_CCU4\\global_ccu4.c 0x00000000   Number         0  global_ccu4.o ABSOLUTE
    C:\\Users\\conor\\Desktop\\Conor\\WIT\\Semester4\\Embedded Systems\\Conor\\Conor\\Dave\\Generated\\GLOBAL_CCU4\\global_ccu4_conf.c 0x00000000   Number         0  global_ccu4_conf.o ABSOLUTE
    C:\\Users\\conor\\Desktop\\Conor\\WIT\\Semester4\\Embedded Systems\\Conor\\Conor\\Dave\\Generated\\PWM\\pwm.c 0x00000000   Number         0  pwm.o ABSOLUTE
    C:\\Users\\conor\\Desktop\\Conor\\WIT\\Semester4\\Embedded Systems\\Conor\\Conor\\Dave\\Generated\\PWM\\pwm_conf.c 0x00000000   Number         0  pwm_conf.o ABSOLUTE
    C:\\Users\\conor\\Desktop\\Conor\\WIT\\Semester4\\Embedded Systems\\Conor\\Conor\\Dave\\Generated\\WATCHDOG\\watchdog.c 0x00000000   Number         0  watchdog.o ABSOLUTE
    C:\\Users\\conor\\Desktop\\Conor\\WIT\\Semester4\\Embedded Systems\\Conor\\Conor\\Dave\\Generated\\WATCHDOG\\watchdog_conf.c 0x00000000   Number         0  watchdog_conf.o ABSOLUTE
    RTE\Device\XMC1100-Q024x0064\system_XMC1100.c 0x00000000   Number         0  system_xmc1100.o ABSOLUTE
    RTE\\Device\\XMC1100-Q024x0064\\startup_XMC1100.s 0x00000000   Number         0  startup_xmc1100.o ABSOLUTE
    RTE\\Device\\XMC1100-Q024x0064\\system_XMC1100.c 0x00000000   Number         0  system_xmc1100.o ABSOLUTE
    dc.s                                     0x00000000   Number         0  dc.o ABSOLUTE
    main.c                                   0x00000000   Number         0  main.o ABSOLUTE
    main.c                                   0x00000000   Number         0  main.o ABSOLUTE
    RESET                                    0x10001000   Section       24  startup_xmc1100.o(RESET)
    !!!main                                  0x10001018   Section        8  __main.o(!!!main)
    !!!scatter                               0x10001020   Section       60  __scatter.o(!!!scatter)
    !!handler_copy                           0x1000105c   Section       26  __scatter_copy.o(!!handler_copy)
    !!handler_zi                             0x10001078   Section       28  __scatter_zi.o(!!handler_zi)
    .ARM.Collect$$libinit$$00000000          0x10001094   Section        2  libinit.o(.ARM.Collect$$libinit$$00000000)
    .ARM.Collect$$libinit$$00000002          0x10001096   Section        0  libinit2.o(.ARM.Collect$$libinit$$00000002)
    .ARM.Collect$$libinit$$00000004          0x10001096   Section        0  libinit2.o(.ARM.Collect$$libinit$$00000004)
    .ARM.Collect$$libinit$$0000000A          0x10001096   Section        0  libinit2.o(.ARM.Collect$$libinit$$0000000A)
    .ARM.Collect$$libinit$$0000000C          0x10001096   Section        0  libinit2.o(.ARM.Collect$$libinit$$0000000C)
    .ARM.Collect$$libinit$$0000000E          0x10001096   Section        0  libinit2.o(.ARM.Collect$$libinit$$0000000E)
    .ARM.Collect$$libinit$$00000011          0x10001096   Section        0  libinit2.o(.ARM.Collect$$libinit$$00000011)
    .ARM.Collect$$libinit$$00000013          0x10001096   Section        0  libinit2.o(.ARM.Collect$$libinit$$00000013)
    .ARM.Collect$$libinit$$00000015          0x10001096   Section        0  libinit2.o(.ARM.Collect$$libinit$$00000015)
    .ARM.Collect$$libinit$$00000017          0x10001096   Section        0  libinit2.o(.ARM.Collect$$libinit$$00000017)
    .ARM.Collect$$libinit$$00000019          0x10001096   Section        0  libinit2.o(.ARM.Collect$$libinit$$00000019)
    .ARM.Collect$$libinit$$0000001B          0x10001096   Section        0  libinit2.o(.ARM.Collect$$libinit$$0000001B)
    .ARM.Collect$$libinit$$0000001D          0x10001096   Section        0  libinit2.o(.ARM.Collect$$libinit$$0000001D)
    .ARM.Collect$$libinit$$0000001F          0x10001096   Section        0  libinit2.o(.ARM.Collect$$libinit$$0000001F)
    .ARM.Collect$$libinit$$00000021          0x10001096   Section        0  libinit2.o(.ARM.Collect$$libinit$$00000021)
    .ARM.Collect$$libinit$$00000023          0x10001096   Section        0  libinit2.o(.ARM.Collect$$libinit$$00000023)
    .ARM.Collect$$libinit$$00000025          0x10001096   Section        0  libinit2.o(.ARM.Collect$$libinit$$00000025)
    .ARM.Collect$$libinit$$0000002C          0x10001096   Section        0  libinit2.o(.ARM.Collect$$libinit$$0000002C)
    .ARM.Collect$$libinit$$0000002E          0x10001096   Section        0  libinit2.o(.ARM.Collect$$libinit$$0000002E)
    .ARM.Collect$$libinit$$00000030          0x10001096   Section        0  libinit2.o(.ARM.Collect$$libinit$$00000030)
    .ARM.Collect$$libinit$$00000032          0x10001096   Section        0  libinit2.o(.ARM.Collect$$libinit$$00000032)
    .ARM.Collect$$libinit$$00000033          0x10001096   Section        2  libinit2.o(.ARM.Collect$$libinit$$00000033)
    .ARM.Collect$$libshutdown$$00000000      0x10001098   Section        2  libshutdown.o(.ARM.Collect$$libshutdown$$00000000)
    .ARM.Collect$$libshutdown$$00000002      0x1000109a   Section        0  libshutdown2.o(.ARM.Collect$$libshutdown$$00000002)
    .ARM.Collect$$libshutdown$$00000004      0x1000109a   Section        0  libshutdown2.o(.ARM.Collect$$libshutdown$$00000004)
    .ARM.Collect$$libshutdown$$00000007      0x1000109a   Section        0  libshutdown2.o(.ARM.Collect$$libshutdown$$00000007)
    .ARM.Collect$$libshutdown$$0000000A      0x1000109a   Section        0  libshutdown2.o(.ARM.Collect$$libshutdown$$0000000A)
    .ARM.Collect$$libshutdown$$0000000C      0x1000109a   Section        0  libshutdown2.o(.ARM.Collect$$libshutdown$$0000000C)
    .ARM.Collect$$libshutdown$$0000000F      0x1000109a   Section        0  libshutdown2.o(.ARM.Collect$$libshutdown$$0000000F)
    .ARM.Collect$$libshutdown$$00000010      0x1000109a   Section        2  libshutdown2.o(.ARM.Collect$$libshutdown$$00000010)
    .ARM.Collect$$rtentry$$00000000          0x1000109c   Section        0  __rtentry.o(.ARM.Collect$$rtentry$$00000000)
    .ARM.Collect$$rtentry$$00000002          0x1000109c   Section        0  __rtentry2.o(.ARM.Collect$$rtentry$$00000002)
    .ARM.Collect$$rtentry$$00000004          0x1000109c   Section        6  __rtentry4.o(.ARM.Collect$$rtentry$$00000004)
    .ARM.Collect$$rtentry$$00000009          0x100010a2   Section        0  __rtentry2.o(.ARM.Collect$$rtentry$$00000009)
    .ARM.Collect$$rtentry$$0000000A          0x100010a2   Section        4  __rtentry2.o(.ARM.Collect$$rtentry$$0000000A)
    .ARM.Collect$$rtentry$$0000000C          0x100010a6   Section        0  __rtentry2.o(.ARM.Collect$$rtentry$$0000000C)
    .ARM.Collect$$rtentry$$0000000D          0x100010a6   Section        8  __rtentry2.o(.ARM.Collect$$rtentry$$0000000D)
    .ARM.Collect$$rtexit$$00000000           0x100010ae   Section        2  rtexit.o(.ARM.Collect$$rtexit$$00000000)
    .ARM.Collect$$rtexit$$00000002           0x100010b0   Section        0  rtexit2.o(.ARM.Collect$$rtexit$$00000002)
    .ARM.Collect$$rtexit$$00000003           0x100010b0   Section        4  rtexit2.o(.ARM.Collect$$rtexit$$00000003)
    .ARM.Collect$$rtexit$$00000004           0x100010b4   Section        6  rtexit2.o(.ARM.Collect$$rtexit$$00000004)
    .text                                    0x100010bc   Section       68  startup_xmc1100.o(.text)
    .text                                    0x10001100   Section      346  aeabi_sdiv.o(.text)
    .text                                    0x1000125a   Section        0  heapauxi.o(.text)
    .text                                    0x10001260   Section       62  sys_stackheap_outer.o(.text)
    .text                                    0x1000129e   Section        0  exit.o(.text)
    .text                                    0x100012b0   Section        8  libspace.o(.text)
    .text                                    0x100012b8   Section        0  sys_exit.o(.text)
    .text                                    0x100012c4   Section        2  use_no_semi.o(.text)
    .text                                    0x100012c6   Section        0  indicate_semi.o(.text)
    i.ADC_MEASUREMENT_Init                   0x100012c6   Section        0  adc_measurement.o(i.ADC_MEASUREMENT_Init)
    i.CLOCK_XMC1_Init                        0x100013b6   Section        0  clock_xmc1.o(i.CLOCK_XMC1_Init)
    i.DAVE_Init                              0x100013e0   Section        0  dave.o(i.DAVE_Init)
    i.GLOBAL_ADC_Init                        0x10001424   Section        0  global_adc.o(i.GLOBAL_ADC_Init)
    i.GLOBAL_CCU4_Init                       0x10001460   Section        0  global_ccu4.o(i.GLOBAL_CCU4_Init)
    i.PWM_Init                               0x10001488   Section        0  pwm.o(i.PWM_Init)
    i.PWM_SetDutyCycle                       0x100014a2   Section        0  pwm.o(i.PWM_SetDutyCycle)
    i.PWM_SetFreq                            0x100014c0   Section        0  pwm.o(i.PWM_SetFreq)
    i.PWM_Start                              0x100014de   Section        0  pwm.o(i.PWM_Start)
    i.PWM_lCCU4_ConfigInterrupts             0x100014f2   Section        0  pwm.o(i.PWM_lCCU4_ConfigInterrupts)
    i.PWM_lCCU4_Init                         0x10001530   Section        0  pwm.o(i.PWM_lCCU4_Init)
    i.PWM_lCCU4_SetDutyCycle                 0x100015a4   Section        0  pwm.o(i.PWM_lCCU4_SetDutyCycle)
    i.PWM_lCCU4_SetFreq                      0x100015f0   Section        0  pwm.o(i.PWM_lCCU4_SetFreq)
    i.PWM_lCCU4_Start                        0x10001690   Section        0  pwm.o(i.PWM_lCCU4_Start)
    i.SystemCoreClockSetup                   0x100016c4   Section        0  clock_xmc1_conf.o(i.SystemCoreClockSetup)
    i.SystemCoreClockUpdate                  0x100016dc   Section        0  system_xmc1100.o(i.SystemCoreClockUpdate)
    i.SystemCoreSetup                        0x1000173c   Section        0  system_xmc1100.o(i.SystemCoreSetup)
    i.SystemInit                             0x10001760   Section        0  system_xmc1100.o(i.SystemInit)
    i.WATCHDOG_Init                          0x1000176c   Section        0  watchdog.o(i.WATCHDOG_Init)
    i.XMC_CCU4_EnableModule                  0x10001788   Section        0  xmc_ccu4.o(i.XMC_CCU4_EnableModule)
    i.XMC_CCU4_EnableShadowTransfer          0x100017a4   Section        0  pwm.o(i.XMC_CCU4_EnableShadowTransfer)
    XMC_CCU4_EnableShadowTransfer            0x100017a5   Thumb Code     4  pwm.o(i.XMC_CCU4_EnableShadowTransfer)
    i.XMC_CCU4_Init                          0x100017a8   Section        0  xmc_ccu4.o(i.XMC_CCU4_Init)
    i.XMC_CCU4_SLICE_CompareInit             0x100017d6   Section        0  xmc_ccu4.o(i.XMC_CCU4_SLICE_CompareInit)
    i.XMC_CCU4_SLICE_EnableEvent             0x10001806   Section        0  pwm.o(i.XMC_CCU4_SLICE_EnableEvent)
    XMC_CCU4_SLICE_EnableEvent               0x10001807   Thumb Code    16  pwm.o(i.XMC_CCU4_SLICE_EnableEvent)
    i.XMC_CCU4_SLICE_SetInterruptNode        0x10001816   Section        0  xmc_ccu4.o(i.XMC_CCU4_SLICE_SetInterruptNode)
    i.XMC_CCU4_SLICE_SetPrescaler            0x1000186e   Section        0  xmc_ccu4.o(i.XMC_CCU4_SLICE_SetPrescaler)
    i.XMC_CCU4_SLICE_SetTimerCompareMatch    0x10001886   Section        0  pwm.o(i.XMC_CCU4_SLICE_SetTimerCompareMatch)
    XMC_CCU4_SLICE_SetTimerCompareMatch      0x10001887   Thumb Code     4  pwm.o(i.XMC_CCU4_SLICE_SetTimerCompareMatch)
    i.XMC_CCU4_SLICE_SetTimerPeriodMatch     0x1000188a   Section        0  pwm.o(i.XMC_CCU4_SLICE_SetTimerPeriodMatch)
    XMC_CCU4_SLICE_SetTimerPeriodMatch       0x1000188b   Thumb Code     4  pwm.o(i.XMC_CCU4_SLICE_SetTimerPeriodMatch)
    i.XMC_GPIO_Init                          0x10001890   Section        0  xmc1_gpio.o(i.XMC_GPIO_Init)
    i.XMC_SCU_CLOCK_Init                     0x10001934   Section        0  xmc1_scu.o(i.XMC_SCU_CLOCK_Init)
    i.XMC_SCU_CLOCK_ScaleMCLKFrequency       0x10001964   Section        0  xmc1_scu.o(i.XMC_SCU_CLOCK_ScaleMCLKFrequency)
    i.XMC_SCU_CLOCK_UngatePeripheralClock    0x100019f0   Section        0  xmc1_scu.o(i.XMC_SCU_CLOCK_UngatePeripheralClock)
    i.XMC_SCU_CLOCK_lFrequencyDownScaling    0x10001a1c   Section        0  xmc1_scu.o(i.XMC_SCU_CLOCK_lFrequencyDownScaling)
    XMC_SCU_CLOCK_lFrequencyDownScaling      0x10001a1d   Thumb Code    54  xmc1_scu.o(i.XMC_SCU_CLOCK_lFrequencyDownScaling)
    i.XMC_SCU_CLOCK_lFrequencyUpScaling      0x10001a60   Section        0  xmc1_scu.o(i.XMC_SCU_CLOCK_lFrequencyUpScaling)
    XMC_SCU_CLOCK_lFrequencyUpScaling        0x10001a61   Thumb Code    48  xmc1_scu.o(i.XMC_SCU_CLOCK_lFrequencyUpScaling)
    i.XMC_SCU_LockProtectedBits              0x10001a9c   Section        0  xmc1_scu.o(i.XMC_SCU_LockProtectedBits)
    i.XMC_SCU_UnlockProtectedBits            0x10001aa8   Section        0  xmc1_scu.o(i.XMC_SCU_UnlockProtectedBits)
    i.XMC_VADC_GLOBAL_BackgroundInit         0x10001ac4   Section        0  xmc_vadc.o(i.XMC_VADC_GLOBAL_BackgroundInit)
    i.XMC_VADC_GLOBAL_BackgroundTriggerConversion 0x10001ae4   Section        0  adc_measurement.o(i.XMC_VADC_GLOBAL_BackgroundTriggerConversion)
    XMC_VADC_GLOBAL_BackgroundTriggerConversion 0x10001ae5   Thumb Code    18  adc_measurement.o(i.XMC_VADC_GLOBAL_BackgroundTriggerConversion)
    i.XMC_VADC_GLOBAL_EnableModule           0x10001af6   Section        0  xmc_vadc.o(i.XMC_VADC_GLOBAL_EnableModule)
    i.XMC_VADC_GLOBAL_Init                   0x10001b00   Section        0  xmc_vadc.o(i.XMC_VADC_GLOBAL_Init)
    i.XMC_VADC_GLOBAL_InputClassInit         0x10001b4c   Section        0  xmc_vadc.o(i.XMC_VADC_GLOBAL_InputClassInit)
    i.XMC_VADC_GLOBAL_SetResultEventInterruptNode 0x10001b64   Section        0  xmc_vadc.o(i.XMC_VADC_GLOBAL_SetResultEventInterruptNode)
    i.XMC_VADC_GLOBAL_StartupCalibration     0x10001b94   Section        0  xmc_vadc.o(i.XMC_VADC_GLOBAL_StartupCalibration)
    i.XMC_WDT_Enable                         0x10001bb4   Section        0  xmc_wdt.o(i.XMC_WDT_Enable)
    i.XMC_WDT_Init                           0x10001bc0   Section        0  xmc_wdt.o(i.XMC_WDT_Init)
    i.__ARM_common_switch8                   0x10001bdc   Section        0  xmc_ccu4.o(i.__ARM_common_switch8)
    i.main                                   0x10001bf8   Section        0  main.o(i.main)
    .constdata                               0x10001c78   Section       16  adc_measurement_conf.o(.constdata)
    .constdata                               0x10001c88   Section       12  clock_xmc1_conf.o(.constdata)
    .constdata                               0x10001c94   Section       20  global_adc_conf.o(.constdata)
    .constdata                               0x10001ca8   Section       16  pwm_conf.o(.constdata)
    .ARM.__at_0x20000000                     0x20000000   Section      384  startup_xmc1100.o(.ARM.__at_0x20000000)
    .data                                    0x20000180   Section        8  main.o(.data)
    .data                                    0x20000188   Section       44  adc_measurement_conf.o(.data)
    .data                                    0x200001b4   Section        1  clock_xmc1_conf.o(.data)
    .data                                    0x200001b8   Section       20  global_adc_conf.o(.data)
    .data                                    0x200001cc   Section       16  global_ccu4_conf.o(.data)
    .data                                    0x200001dc   Section       52  pwm_conf.o(.data)
    .data                                    0x20000210   Section       20  watchdog_conf.o(.data)
    .data                                    0x20000224   Section        8  system_xmc1100.o(.data)
    IDIV                                     0x20000224   Data           4  system_xmc1100.o(.data)
    FDIV                                     0x20000228   Data           4  system_xmc1100.o(.data)
    .bss                                     0x2000022c   Section       96  libspace.o(.bss)
    HEAP                                     0x20000290   Section      512  startup_xmc1100.o(HEAP)
    Heap_Mem                                 0x20000290   Data         512  startup_xmc1100.o(HEAP)
    STACK                                    0x20000490   Section     1024  startup_xmc1100.o(STACK)
    Stack_Mem                                0x20000490   Data        1024  startup_xmc1100.o(STACK)
    __initial_sp                             0x20000890   Data           0  startup_xmc1100.o(STACK)
    .ARM.__AT_0x20003FFC                     0x20003ffc   Section        4  system_xmc1100.o(.ARM.__AT_0x20003FFC)

    Global Symbols

    Symbol Name                              Value     Ov Type        Size  Object(Section)

    BuildAttributes$$THM_ISAv3M$S$PE$A:L22$X:L11$S22$IEEE1$IW$USESV6$~STKCKD$USESV7$~SHL$OSPACE$ROPI$EBA8$UX$STANDARDLIB$REQ8$PRES8$EABIv2 0x00000000   Number         0  anon$$obj.o ABSOLUTE
    __ARM_use_no_argv                        0x00000000   Number         0  main.o ABSOLUTE
    __ARM_exceptions_init                     - Undefined Weak Reference
    __alloca_initialize                       - Undefined Weak Reference
    __arm_preinit_                            - Undefined Weak Reference
    __cpp_initialize__aeabi_                  - Undefined Weak Reference
    __cxa_finalize                            - Undefined Weak Reference
    __rt_locale                               - Undefined Weak Reference
    __sigvec_lookup                           - Undefined Weak Reference
    _atexit_init                              - Undefined Weak Reference
    _call_atexit_fns                          - Undefined Weak Reference
    _clock_init                               - Undefined Weak Reference
    _fp_trap_init                             - Undefined Weak Reference
    _fp_trap_shutdown                         - Undefined Weak Reference
    _get_lc_collate                           - Undefined Weak Reference
    _get_lc_ctype                             - Undefined Weak Reference
    _get_lc_monetary                          - Undefined Weak Reference
    _get_lc_numeric                           - Undefined Weak Reference
    _get_lc_time                              - Undefined Weak Reference
    _getenv_init                              - Undefined Weak Reference
    _handle_redirection                       - Undefined Weak Reference
    _init_alloc                               - Undefined Weak Reference
    _init_user_alloc                          - Undefined Weak Reference
    _initio                                   - Undefined Weak Reference
    _rand_init                                - Undefined Weak Reference
    _signal_finish                            - Undefined Weak Reference
    _signal_init                              - Undefined Weak Reference
    _terminate_alloc                          - Undefined Weak Reference
    _terminate_user_alloc                     - Undefined Weak Reference
    _terminateio                              - Undefined Weak Reference
    __Vectors_Size                           0x00000018   Number         0  startup_xmc1100.o ABSOLUTE
    __Vectors                                0x10001000   Data           4  startup_xmc1100.o(RESET)
    __Vectors_End                            0x10001018   Data           0  startup_xmc1100.o(RESET)
    __main                                   0x10001019   Thumb Code     8  __main.o(!!!main)
    __scatterload                            0x10001021   Thumb Code     0  __scatter.o(!!!scatter)
    __scatterload_rt2                        0x10001021   Thumb Code    52  __scatter.o(!!!scatter)
    __scatterload_rt2_thumb_only             0x10001021   Thumb Code     0  __scatter.o(!!!scatter)
    __scatterload_null                       0x10001031   Thumb Code     0  __scatter.o(!!!scatter)
    __scatterload_copy                       0x1000105d   Thumb Code    26  __scatter_copy.o(!!handler_copy)
    __scatterload_zeroinit                   0x10001079   Thumb Code    28  __scatter_zi.o(!!handler_zi)
    __rt_lib_init                            0x10001095   Thumb Code     0  libinit.o(.ARM.Collect$$libinit$$00000000)
    __rt_lib_init_alloca_1                   0x10001097   Thumb Code     0  libinit2.o(.ARM.Collect$$libinit$$0000002E)
    __rt_lib_init_argv_1                     0x10001097   Thumb Code     0  libinit2.o(.ARM.Collect$$libinit$$0000002C)
    __rt_lib_init_atexit_1                   0x10001097   Thumb Code     0  libinit2.o(.ARM.Collect$$libinit$$0000001B)
    __rt_lib_init_clock_1                    0x10001097   Thumb Code     0  libinit2.o(.ARM.Collect$$libinit$$00000021)
    __rt_lib_init_cpp_1                      0x10001097   Thumb Code     0  libinit2.o(.ARM.Collect$$libinit$$00000032)
    __rt_lib_init_exceptions_1               0x10001097   Thumb Code     0  libinit2.o(.ARM.Collect$$libinit$$00000030)
    __rt_lib_init_fp_1                       0x10001097   Thumb Code     0  libinit2.o(.ARM.Collect$$libinit$$00000002)
    __rt_lib_init_fp_trap_1                  0x10001097   Thumb Code     0  libinit2.o(.ARM.Collect$$libinit$$0000001F)
    __rt_lib_init_getenv_1                   0x10001097   Thumb Code     0  libinit2.o(.ARM.Collect$$libinit$$00000023)
    __rt_lib_init_heap_1                     0x10001097   Thumb Code     0  libinit2.o(.ARM.Collect$$libinit$$0000000A)
    __rt_lib_init_lc_collate_1               0x10001097   Thumb Code     0  libinit2.o(.ARM.Collect$$libinit$$00000011)
    __rt_lib_init_lc_ctype_1                 0x10001097   Thumb Code     0  libinit2.o(.ARM.Collect$$libinit$$00000013)
    __rt_lib_init_lc_monetary_1              0x10001097   Thumb Code     0  libinit2.o(.ARM.Collect$$libinit$$00000015)
    __rt_lib_init_lc_numeric_1               0x10001097   Thumb Code     0  libinit2.o(.ARM.Collect$$libinit$$00000017)
    __rt_lib_init_lc_time_1                  0x10001097   Thumb Code     0  libinit2.o(.ARM.Collect$$libinit$$00000019)
    __rt_lib_init_preinit_1                  0x10001097   Thumb Code     0  libinit2.o(.ARM.Collect$$libinit$$00000004)
    __rt_lib_init_rand_1                     0x10001097   Thumb Code     0  libinit2.o(.ARM.Collect$$libinit$$0000000E)
    __rt_lib_init_return                     0x10001097   Thumb Code     0  libinit2.o(.ARM.Collect$$libinit$$00000033)
    __rt_lib_init_signal_1                   0x10001097   Thumb Code     0  libinit2.o(.ARM.Collect$$libinit$$0000001D)
    __rt_lib_init_stdio_1                    0x10001097   Thumb Code     0  libinit2.o(.ARM.Collect$$libinit$$00000025)
    __rt_lib_init_user_alloc_1               0x10001097   Thumb Code     0  libinit2.o(.ARM.Collect$$libinit$$0000000C)
    __rt_lib_shutdown                        0x10001099   Thumb Code     0  libshutdown.o(.ARM.Collect$$libshutdown$$00000000)
    __rt_lib_shutdown_cpp_1                  0x1000109b   Thumb Code     0  libshutdown2.o(.ARM.Collect$$libshutdown$$00000002)
    __rt_lib_shutdown_fp_trap_1              0x1000109b   Thumb Code     0  libshutdown2.o(.ARM.Collect$$libshutdown$$00000007)
    __rt_lib_shutdown_heap_1                 0x1000109b   Thumb Code     0  libshutdown2.o(.ARM.Collect$$libshutdown$$0000000F)
    __rt_lib_shutdown_return                 0x1000109b   Thumb Code     0  libshutdown2.o(.ARM.Collect$$libshutdown$$00000010)
    __rt_lib_shutdown_signal_1               0x1000109b   Thumb Code     0  libshutdown2.o(.ARM.Collect$$libshutdown$$0000000A)
    __rt_lib_shutdown_stdio_1                0x1000109b   Thumb Code     0  libshutdown2.o(.ARM.Collect$$libshutdown$$00000004)
    __rt_lib_shutdown_user_alloc_1           0x1000109b   Thumb Code     0  libshutdown2.o(.ARM.Collect$$libshutdown$$0000000C)
    __rt_entry                               0x1000109d   Thumb Code     0  __rtentry.o(.ARM.Collect$$rtentry$$00000000)
    __rt_entry_presh_1                       0x1000109d   Thumb Code     0  __rtentry2.o(.ARM.Collect$$rtentry$$00000002)
    __rt_entry_sh                            0x1000109d   Thumb Code     0  __rtentry4.o(.ARM.Collect$$rtentry$$00000004)
    __rt_entry_li                            0x100010a3   Thumb Code     0  __rtentry2.o(.ARM.Collect$$rtentry$$0000000A)
    __rt_entry_postsh_1                      0x100010a3   Thumb Code     0  __rtentry2.o(.ARM.Collect$$rtentry$$00000009)
    __rt_entry_main                          0x100010a7   Thumb Code     0  __rtentry2.o(.ARM.Collect$$rtentry$$0000000D)
    __rt_entry_postli_1                      0x100010a7   Thumb Code     0  __rtentry2.o(.ARM.Collect$$rtentry$$0000000C)
    __rt_exit                                0x100010af   Thumb Code     0  rtexit.o(.ARM.Collect$$rtexit$$00000000)
    __rt_exit_ls                             0x100010b1   Thumb Code     0  rtexit2.o(.ARM.Collect$$rtexit$$00000003)
    __rt_exit_prels_1                        0x100010b1   Thumb Code     0  rtexit2.o(.ARM.Collect$$rtexit$$00000002)
    __rt_exit_exit                           0x100010b5   Thumb Code     0  rtexit2.o(.ARM.Collect$$rtexit$$00000004)
    Reset_Handler                            0x100010bd   Thumb Code    22  startup_xmc1100.o(.text)
    CCU40_0_IRQHandler                       0x100010d3   Thumb Code     0  startup_xmc1100.o(.text)
    CCU40_1_IRQHandler                       0x100010d3   Thumb Code     0  startup_xmc1100.o(.text)
    CCU40_2_IRQHandler                       0x100010d3   Thumb Code     0  startup_xmc1100.o(.text)
    CCU40_3_IRQHandler                       0x100010d3   Thumb Code     0  startup_xmc1100.o(.text)
    ERU0_0_IRQHandler                        0x100010d3   Thumb Code     0  startup_xmc1100.o(.text)
    ERU0_1_IRQHandler                        0x100010d3   Thumb Code     0  startup_xmc1100.o(.text)
    ERU0_2_IRQHandler                        0x100010d3   Thumb Code     0  startup_xmc1100.o(.text)
    ERU0_3_IRQHandler                        0x100010d3   Thumb Code     0  startup_xmc1100.o(.text)
    HardFault_Handler                        0x100010d3   Thumb Code     0  startup_xmc1100.o(.text)
    PendSV_Handler                           0x100010d3   Thumb Code     0  startup_xmc1100.o(.text)
    SCU_0_IRQHandler                         0x100010d3   Thumb Code     0  startup_xmc1100.o(.text)
    SCU_1_IRQHandler                         0x100010d3   Thumb Code     0  startup_xmc1100.o(.text)
    SCU_2_IRQHandler                         0x100010d3   Thumb Code     0  startup_xmc1100.o(.text)
    SVC_Handler                              0x100010d3   Thumb Code     0  startup_xmc1100.o(.text)
    SysTick_Handler                          0x100010d3   Thumb Code     0  startup_xmc1100.o(.text)
    USIC0_0_IRQHandler                       0x100010d3   Thumb Code     0  startup_xmc1100.o(.text)
    USIC0_1_IRQHandler                       0x100010d3   Thumb Code     0  startup_xmc1100.o(.text)
    USIC0_2_IRQHandler                       0x100010d3   Thumb Code     0  startup_xmc1100.o(.text)
    USIC0_3_IRQHandler                       0x100010d3   Thumb Code     0  startup_xmc1100.o(.text)
    USIC0_4_IRQHandler                       0x100010d3   Thumb Code     0  startup_xmc1100.o(.text)
    USIC0_5_IRQHandler                       0x100010d3   Thumb Code     0  startup_xmc1100.o(.text)
    VADC0_C0_0_IRQHandler                    0x100010d3   Thumb Code     0  startup_xmc1100.o(.text)
    VADC0_C0_1_IRQHandler                    0x100010d3   Thumb Code     0  startup_xmc1100.o(.text)
    __user_initial_stackheap                 0x100010d5   Thumb Code    10  startup_xmc1100.o(.text)
    __aeabi_uidiv                            0x10001101   Thumb Code     0  aeabi_sdiv.o(.text)
    __aeabi_uidivmod                         0x10001101   Thumb Code    20  aeabi_sdiv.o(.text)
    __aeabi_idiv                             0x10001115   Thumb Code     0  aeabi_sdiv.o(.text)
    __aeabi_idivmod                          0x10001115   Thumb Code   326  aeabi_sdiv.o(.text)
    __use_two_region_memory                  0x1000125b   Thumb Code     2  heapauxi.o(.text)
    __rt_heap_escrow$2region                 0x1000125d   Thumb Code     2  heapauxi.o(.text)
    __rt_heap_expand$2region                 0x1000125f   Thumb Code     2  heapauxi.o(.text)
    __user_setup_stackheap                   0x10001261   Thumb Code    62  sys_stackheap_outer.o(.text)
    exit                                     0x1000129f   Thumb Code    16  exit.o(.text)
    __user_libspace                          0x100012b1   Thumb Code     8  libspace.o(.text)
    __user_perproc_libspace                  0x100012b1   Thumb Code     0  libspace.o(.text)
    __user_perthread_libspace                0x100012b1   Thumb Code     0  libspace.o(.text)
    _sys_exit                                0x100012b9   Thumb Code     8  sys_exit.o(.text)
    __I$use$semihosting                      0x100012c5   Thumb Code     0  use_no_semi.o(.text)
    __use_no_semihosting_swi                 0x100012c5   Thumb Code     2  use_no_semi.o(.text)
    ADC_MEASUREMENT_Init                     0x100012c7   Thumb Code   240  adc_measurement.o(i.ADC_MEASUREMENT_Init)
    __semihosting_library_function           0x100012c7   Thumb Code     0  indicate_semi.o(.text)
    CLOCK_XMC1_Init                          0x100013b7   Thumb Code    40  clock_xmc1.o(i.CLOCK_XMC1_Init)
    DAVE_Init                                0x100013e1   Thumb Code    52  dave.o(i.DAVE_Init)
    GLOBAL_ADC_Init                          0x10001425   Thumb Code    60  global_adc.o(i.GLOBAL_ADC_Init)
    GLOBAL_CCU4_Init                         0x10001461   Thumb Code    40  global_ccu4.o(i.GLOBAL_CCU4_Init)
    PWM_Init                                 0x10001489   Thumb Code    26  pwm.o(i.PWM_Init)
    PWM_SetDutyCycle                         0x100014a3   Thumb Code    30  pwm.o(i.PWM_SetDutyCycle)
    PWM_SetFreq                              0x100014c1   Thumb Code    30  pwm.o(i.PWM_SetFreq)
    PWM_Start                                0x100014df   Thumb Code    20  pwm.o(i.PWM_Start)
    PWM_lCCU4_ConfigInterrupts               0x100014f3   Thumb Code    62  pwm.o(i.PWM_lCCU4_ConfigInterrupts)
    PWM_lCCU4_Init                           0x10001531   Thumb Code   114  pwm.o(i.PWM_lCCU4_Init)
    PWM_lCCU4_SetDutyCycle                   0x100015a5   Thumb Code    72  pwm.o(i.PWM_lCCU4_SetDutyCycle)
    PWM_lCCU4_SetFreq                        0x100015f1   Thumb Code   152  pwm.o(i.PWM_lCCU4_SetFreq)
    PWM_lCCU4_Start                          0x10001691   Thumb Code    52  pwm.o(i.PWM_lCCU4_Start)
    SystemCoreClockSetup                     0x100016c5   Thumb Code    18  clock_xmc1_conf.o(i.SystemCoreClockSetup)
    SystemCoreClockUpdate                    0x100016dd   Thumb Code    70  system_xmc1100.o(i.SystemCoreClockUpdate)
    SystemCoreSetup                          0x1000173d   Thumb Code    32  system_xmc1100.o(i.SystemCoreSetup)
    SystemInit                               0x10001761   Thumb Code    12  system_xmc1100.o(i.SystemInit)
    WATCHDOG_Init                            0x1000176d   Thumb Code    26  watchdog.o(i.WATCHDOG_Init)
    XMC_CCU4_EnableModule                    0x10001789   Thumb Code    22  xmc_ccu4.o(i.XMC_CCU4_EnableModule)
    XMC_CCU4_Init                            0x100017a9   Thumb Code    46  xmc_ccu4.o(i.XMC_CCU4_Init)
    XMC_CCU4_SLICE_CompareInit               0x100017d7   Thumb Code    48  xmc_ccu4.o(i.XMC_CCU4_SLICE_CompareInit)
    XMC_CCU4_SLICE_SetInterruptNode          0x10001817   Thumb Code    88  xmc_ccu4.o(i.XMC_CCU4_SLICE_SetInterruptNode)
    XMC_CCU4_SLICE_SetPrescaler              0x1000186f   Thumb Code    24  xmc_ccu4.o(i.XMC_CCU4_SLICE_SetPrescaler)
    XMC_GPIO_Init                            0x10001891   Thumb Code   158  xmc1_gpio.o(i.XMC_GPIO_Init)
    XMC_SCU_CLOCK_Init                       0x10001935   Thumb Code    44  xmc1_scu.o(i.XMC_SCU_CLOCK_Init)
    XMC_SCU_CLOCK_ScaleMCLKFrequency         0x10001965   Thumb Code   124  xmc1_scu.o(i.XMC_SCU_CLOCK_ScaleMCLKFrequency)
    XMC_SCU_CLOCK_UngatePeripheralClock      0x100019f1   Thumb Code    40  xmc1_scu.o(i.XMC_SCU_CLOCK_UngatePeripheralClock)
    XMC_SCU_LockProtectedBits                0x10001a9d   Thumb Code     8  xmc1_scu.o(i.XMC_SCU_LockProtectedBits)
    XMC_SCU_UnlockProtectedBits              0x10001aa9   Thumb Code    22  xmc1_scu.o(i.XMC_SCU_UnlockProtectedBits)
    XMC_VADC_GLOBAL_BackgroundInit           0x10001ac5   Thumb Code    26  xmc_vadc.o(i.XMC_VADC_GLOBAL_BackgroundInit)
    XMC_VADC_GLOBAL_EnableModule             0x10001af7   Thumb Code    10  xmc_vadc.o(i.XMC_VADC_GLOBAL_EnableModule)
    XMC_VADC_GLOBAL_Init                     0x10001b01   Thumb Code    68  xmc_vadc.o(i.XMC_VADC_GLOBAL_Init)
    XMC_VADC_GLOBAL_InputClassInit           0x10001b4d   Thumb Code    18  xmc_vadc.o(i.XMC_VADC_GLOBAL_InputClassInit)
    XMC_VADC_GLOBAL_SetResultEventInterruptNode 0x10001b65   Thumb Code    46  xmc_vadc.o(i.XMC_VADC_GLOBAL_SetResultEventInterruptNode)
    XMC_VADC_GLOBAL_StartupCalibration       0x10001b95   Thumb Code    28  xmc_vadc.o(i.XMC_VADC_GLOBAL_StartupCalibration)
    XMC_WDT_Enable                           0x10001bb5   Thumb Code    12  xmc_wdt.o(i.XMC_WDT_Enable)
    XMC_WDT_Init                             0x10001bc1   Thumb Code    24  xmc_wdt.o(i.XMC_WDT_Init)
    __ARM_common_switch8                     0x10001bdd   Thumb Code    28  xmc_ccu4.o(i.__ARM_common_switch8)
    main                                     0x10001bf9   Thumb Code   114  main.o(i.main)
    global_iclass_config                     0x10001c78   Data           4  adc_measurement_conf.o(.constdata)
    backgnd_config                           0x10001c7c   Data          12  adc_measurement_conf.o(.constdata)
    global_config                            0x10001c94   Data          20  global_adc_conf.o(.constdata)
    PWM_0_compare_config                     0x10001ca8   Data           8  pwm_conf.o(.constdata)
    PWM_0_gpio_out_config                    0x10001cb0   Data           8  pwm_conf.o(.constdata)
    Region$$Table$$Base                      0x10001cb8   Number         0  anon$$obj.o(Region$$Table)
    Region$$Table$$Limit                     0x10001cd8   Number         0  anon$$obj.o(Region$$Table)
    current                                  0x20000180   Data           1  main.o(.data)
    result                                   0x20000184   Data           4  main.o(.data)
    ADC_MEASUREMENT_Channel_A_handle         0x20000188   Data           2  adc_measurement_conf.o(.data)
    global_res_config                        0x2000018c   Data           4  adc_measurement_conf.o(.data)
    ADC_MEASUREMENT_channel_array            0x20000190   Data           8  adc_measurement_conf.o(.data)
    ADC_MEASUREMENT_0                        0x20000198   Data          28  adc_measurement_conf.o(.data)
    CLOCK_XMC1_0                             0x200001b4   Data           1  clock_xmc1_conf.o(.data)
    GLOBAL_ADC_0                             0x200001b8   Data          20  global_adc_conf.o(.data)
    GLOBAL_CCU4_0                            0x200001cc   Data          16  global_ccu4_conf.o(.data)
    PWM_0                                    0x200001dc   Data          52  pwm_conf.o(.data)
    WATCHDOG_0_Config                        0x20000210   Data          12  watchdog_conf.o(.data)
    WATCHDOG_0                               0x2000021c   Data           8  watchdog_conf.o(.data)
    __libspace_start                         0x2000022c   Data          96  libspace.o(.bss)
    __temporary_stack_top$libspace           0x2000028c   Data           0  libspace.o(.bss)
    SystemCoreClock                          0x20003ffc   Data           4  system_xmc1100.o(.ARM.__AT_0x20003FFC)



==============================================================================

Memory Map of the image

  Image Entry point : 0x100010bd

  Load Region LR_1 (Base: 0x10001000, Size: 0x00000f04, Max: 0xffffffff, ABSOLUTE)

    Execution Region ER_RO (Exec base: 0x10001000, Load base: 0x10001000, Size: 0x00000cd8, Max: 0xffffffff, ABSOLUTE)

    Exec Addr    Load Addr    Size         Type   Attr      Idx    E Section Name        Object

    0x10001000   0x10001000   0x00000018   Data   RO         2511    RESET               startup_xmc1100.o
    0x10001018   0x10001018   0x00000008   Code   RO         2572  * !!!main             c_p.l(__main.o)
    0x10001020   0x10001020   0x0000003c   Code   RO         2741    !!!scatter          c_p.l(__scatter.o)
    0x1000105c   0x1000105c   0x0000001a   Code   RO         2743    !!handler_copy      c_p.l(__scatter_copy.o)
    0x10001076   0x10001076   0x00000002   PAD
    0x10001078   0x10001078   0x0000001c   Code   RO         2745    !!handler_zi        c_p.l(__scatter_zi.o)
    0x10001094   0x10001094   0x00000002   Code   RO         2610    .ARM.Collect$$libinit$$00000000  c_p.l(libinit.o)
    0x10001096   0x10001096   0x00000000   Code   RO         2624    .ARM.Collect$$libinit$$00000002  c_p.l(libinit2.o)
    0x10001096   0x10001096   0x00000000   Code   RO         2626    .ARM.Collect$$libinit$$00000004  c_p.l(libinit2.o)
    0x10001096   0x10001096   0x00000000   Code   RO         2629    .ARM.Collect$$libinit$$0000000A  c_p.l(libinit2.o)
    0x10001096   0x10001096   0x00000000   Code   RO         2631    .ARM.Collect$$libinit$$0000000C  c_p.l(libinit2.o)
    0x10001096   0x10001096   0x00000000   Code   RO         2633    .ARM.Collect$$libinit$$0000000E  c_p.l(libinit2.o)
    0x10001096   0x10001096   0x00000000   Code   RO         2636    .ARM.Collect$$libinit$$00000011  c_p.l(libinit2.o)
    0x10001096   0x10001096   0x00000000   Code   RO         2638    .ARM.Collect$$libinit$$00000013  c_p.l(libinit2.o)
    0x10001096   0x10001096   0x00000000   Code   RO         2640    .ARM.Collect$$libinit$$00000015  c_p.l(libinit2.o)
    0x10001096   0x10001096   0x00000000   Code   RO         2642    .ARM.Collect$$libinit$$00000017  c_p.l(libinit2.o)
    0x10001096   0x10001096   0x00000000   Code   RO         2644    .ARM.Collect$$libinit$$00000019  c_p.l(libinit2.o)
    0x10001096   0x10001096   0x00000000   Code   RO         2646    .ARM.Collect$$libinit$$0000001B  c_p.l(libinit2.o)
    0x10001096   0x10001096   0x00000000   Code   RO         2648    .ARM.Collect$$libinit$$0000001D  c_p.l(libinit2.o)
    0x10001096   0x10001096   0x00000000   Code   RO         2650    .ARM.Collect$$libinit$$0000001F  c_p.l(libinit2.o)
    0x10001096   0x10001096   0x00000000   Code   RO         2652    .ARM.Collect$$libinit$$00000021  c_p.l(libinit2.o)
    0x10001096   0x10001096   0x00000000   Code   RO         2654    .ARM.Collect$$libinit$$00000023  c_p.l(libinit2.o)
    0x10001096   0x10001096   0x00000000   Code   RO         2656    .ARM.Collect$$libinit$$00000025  c_p.l(libinit2.o)
    0x10001096   0x10001096   0x00000000   Code   RO         2660    .ARM.Collect$$libinit$$0000002C  c_p.l(libinit2.o)
    0x10001096   0x10001096   0x00000000   Code   RO         2662    .ARM.Collect$$libinit$$0000002E  c_p.l(libinit2.o)
    0x10001096   0x10001096   0x00000000   Code   RO         2664    .ARM.Collect$$libinit$$00000030  c_p.l(libinit2.o)
    0x10001096   0x10001096   0x00000000   Code   RO         2666    .ARM.Collect$$libinit$$00000032  c_p.l(libinit2.o)
    0x10001096   0x10001096   0x00000002   Code   RO         2667    .ARM.Collect$$libinit$$00000033  c_p.l(libinit2.o)
    0x10001098   0x10001098   0x00000002   Code   RO         2698    .ARM.Collect$$libshutdown$$00000000  c_p.l(libshutdown.o)
    0x1000109a   0x1000109a   0x00000000   Code   RO         2724    .ARM.Collect$$libshutdown$$00000002  c_p.l(libshutdown2.o)
    0x1000109a   0x1000109a   0x00000000   Code   RO         2726    .ARM.Collect$$libshutdown$$00000004  c_p.l(libshutdown2.o)
    0x1000109a   0x1000109a   0x00000000   Code   RO         2729    .ARM.Collect$$libshutdown$$00000007  c_p.l(libshutdown2.o)
    0x1000109a   0x1000109a   0x00000000   Code   RO         2732    .ARM.Collect$$libshutdown$$0000000A  c_p.l(libshutdown2.o)
    0x1000109a   0x1000109a   0x00000000   Code   RO         2734    .ARM.Collect$$libshutdown$$0000000C  c_p.l(libshutdown2.o)
    0x1000109a   0x1000109a   0x00000000   Code   RO         2737    .ARM.Collect$$libshutdown$$0000000F  c_p.l(libshutdown2.o)
    0x1000109a   0x1000109a   0x00000002   Code   RO         2738    .ARM.Collect$$libshutdown$$00000010  c_p.l(libshutdown2.o)
    0x1000109c   0x1000109c   0x00000000   Code   RO         2574    .ARM.Collect$$rtentry$$00000000  c_p.l(__rtentry.o)
    0x1000109c   0x1000109c   0x00000000   Code   RO         2580    .ARM.Collect$$rtentry$$00000002  c_p.l(__rtentry2.o)
    0x1000109c   0x1000109c   0x00000006   Code   RO         2592    .ARM.Collect$$rtentry$$00000004  c_p.l(__rtentry4.o)
    0x100010a2   0x100010a2   0x00000000   Code   RO         2582    .ARM.Collect$$rtentry$$00000009  c_p.l(__rtentry2.o)
    0x100010a2   0x100010a2   0x00000004   Code   RO         2583    .ARM.Collect$$rtentry$$0000000A  c_p.l(__rtentry2.o)
    0x100010a6   0x100010a6   0x00000000   Code   RO         2585    .ARM.Collect$$rtentry$$0000000C  c_p.l(__rtentry2.o)
    0x100010a6   0x100010a6   0x00000008   Code   RO         2586    .ARM.Collect$$rtentry$$0000000D  c_p.l(__rtentry2.o)
    0x100010ae   0x100010ae   0x00000002   Code   RO         2615    .ARM.Collect$$rtexit$$00000000  c_p.l(rtexit.o)
    0x100010b0   0x100010b0   0x00000000   Code   RO         2671    .ARM.Collect$$rtexit$$00000002  c_p.l(rtexit2.o)
    0x100010b0   0x100010b0   0x00000004   Code   RO         2672    .ARM.Collect$$rtexit$$00000003  c_p.l(rtexit2.o)
    0x100010b4   0x100010b4   0x00000006   Code   RO         2673    .ARM.Collect$$rtexit$$00000004  c_p.l(rtexit2.o)
    0x100010ba   0x100010ba   0x00000002   PAD
    0x100010bc   0x100010bc   0x00000044   Code   RO         2512  * .text               startup_xmc1100.o
    0x10001100   0x10001100   0x0000015a   Code   RO         2566    .text               c_p.l(aeabi_sdiv.o)
    0x1000125a   0x1000125a   0x00000006   Code   RO         2570    .text               c_p.l(heapauxi.o)
    0x10001260   0x10001260   0x0000003e   Code   RO         2596    .text               c_p.l(sys_stackheap_outer.o)
    0x1000129e   0x1000129e   0x00000010   Code   RO         2599    .text               c_p.l(exit.o)
    0x100012ae   0x100012ae   0x00000002   PAD
    0x100012b0   0x100012b0   0x00000008   Code   RO         2611    .text               c_p.l(libspace.o)
    0x100012b8   0x100012b8   0x0000000c   Code   RO         2668    .text               c_p.l(sys_exit.o)
    0x100012c4   0x100012c4   0x00000002   Code   RO         2687    .text               c_p.l(use_no_semi.o)
    0x100012c6   0x100012c6   0x00000000   Code   RO         2689    .text               c_p.l(indicate_semi.o)
    0x100012c6   0x100012c6   0x000000f0   Code   RO          177    i.ADC_MEASUREMENT_Init  adc_measurement.o
    0x100013b6   0x100013b6   0x00000028   Code   RO          268    i.CLOCK_XMC1_Init   clock_xmc1.o
    0x100013de   0x100013de   0x00000002   PAD
    0x100013e0   0x100013e0   0x00000044   Code   RO          336    i.DAVE_Init         dave.o
    0x10001424   0x10001424   0x0000003c   Code   RO          420    i.GLOBAL_ADC_Init   global_adc.o
    0x10001460   0x10001460   0x00000028   Code   RO          483    i.GLOBAL_CCU4_Init  global_ccu4.o
    0x10001488   0x10001488   0x0000001a   Code   RO          548    i.PWM_Init          pwm.o
    0x100014a2   0x100014a2   0x0000001e   Code   RO          549    i.PWM_SetDutyCycle  pwm.o
    0x100014c0   0x100014c0   0x0000001e   Code   RO          550    i.PWM_SetFreq       pwm.o
    0x100014de   0x100014de   0x00000014   Code   RO          554    i.PWM_Start         pwm.o
    0x100014f2   0x100014f2   0x0000003e   Code   RO          556    i.PWM_lCCU4_ConfigInterrupts  pwm.o
    0x10001530   0x10001530   0x00000072   Code   RO          557    i.PWM_lCCU4_Init    pwm.o
    0x100015a2   0x100015a2   0x00000002   PAD
    0x100015a4   0x100015a4   0x0000004c   Code   RO          558    i.PWM_lCCU4_SetDutyCycle  pwm.o
    0x100015f0   0x100015f0   0x000000a0   Code   RO          559    i.PWM_lCCU4_SetFreq  pwm.o
    0x10001690   0x10001690   0x00000034   Code   RO          561    i.PWM_lCCU4_Start   pwm.o
    0x100016c4   0x100016c4   0x00000018   Code   RO          309    i.SystemCoreClockSetup  clock_xmc1_conf.o
    0x100016dc   0x100016dc   0x00000060   Code   RO         2522    i.SystemCoreClockUpdate  system_xmc1100.o
    0x1000173c   0x1000173c   0x00000024   Code   RO         2523    i.SystemCoreSetup   system_xmc1100.o
    0x10001760   0x10001760   0x0000000c   Code   RO         2524    i.SystemInit        system_xmc1100.o
    0x1000176c   0x1000176c   0x0000001a   Code   RO          737    i.WATCHDOG_Init     watchdog.o
    0x10001786   0x10001786   0x00000002   PAD
    0x10001788   0x10001788   0x0000001c   Code   RO         1294    i.XMC_CCU4_EnableModule  xmc_ccu4.o
    0x100017a4   0x100017a4   0x00000004   Code   RO          563    i.XMC_CCU4_EnableShadowTransfer  pwm.o
    0x100017a8   0x100017a8   0x0000002e   Code   RO         1295    i.XMC_CCU4_Init     xmc_ccu4.o
    0x100017d6   0x100017d6   0x00000030   Code   RO         1299    i.XMC_CCU4_SLICE_CompareInit  xmc_ccu4.o
    0x10001806   0x10001806   0x00000010   Code   RO          564    i.XMC_CCU4_SLICE_EnableEvent  pwm.o
    0x10001816   0x10001816   0x00000058   Code   RO         1312    i.XMC_CCU4_SLICE_SetInterruptNode  xmc_ccu4.o
    0x1000186e   0x1000186e   0x00000018   Code   RO         1314    i.XMC_CCU4_SLICE_SetPrescaler  xmc_ccu4.o
    0x10001886   0x10001886   0x00000004   Code   RO          565    i.XMC_CCU4_SLICE_SetTimerCompareMatch  pwm.o
    0x1000188a   0x1000188a   0x00000004   Code   RO          566    i.XMC_CCU4_SLICE_SetTimerPeriodMatch  pwm.o
    0x1000188e   0x1000188e   0x00000002   PAD
    0x10001890   0x10001890   0x000000a4   Code   RO          924    i.XMC_GPIO_Init     xmc1_gpio.o
    0x10001934   0x10001934   0x00000030   Code   RO         1028    i.XMC_SCU_CLOCK_Init  xmc1_scu.o
    0x10001964   0x10001964   0x0000008c   Code   RO         1030    i.XMC_SCU_CLOCK_ScaleMCLKFrequency  xmc1_scu.o
    0x100019f0   0x100019f0   0x0000002c   Code   RO         1034    i.XMC_SCU_CLOCK_UngatePeripheralClock  xmc1_scu.o
    0x10001a1c   0x10001a1c   0x00000044   Code   RO         1035    i.XMC_SCU_CLOCK_lFrequencyDownScaling  xmc1_scu.o
    0x10001a60   0x10001a60   0x0000003c   Code   RO         1036    i.XMC_SCU_CLOCK_lFrequencyUpScaling  xmc1_scu.o
    0x10001a9c   0x10001a9c   0x0000000c   Code   RO         1048    i.XMC_SCU_LockProtectedBits  xmc1_scu.o
    0x10001aa8   0x10001aa8   0x0000001c   Code   RO         1057    i.XMC_SCU_UnlockProtectedBits  xmc1_scu.o
    0x10001ac4   0x10001ac4   0x00000020   Code   RO         2359    i.XMC_VADC_GLOBAL_BackgroundInit  xmc_vadc.o
    0x10001ae4   0x10001ae4   0x00000012   Code   RO          179    i.XMC_VADC_GLOBAL_BackgroundTriggerConversion  adc_measurement.o
    0x10001af6   0x10001af6   0x0000000a   Code   RO         2365    i.XMC_VADC_GLOBAL_EnableModule  xmc_vadc.o
    0x10001b00   0x10001b00   0x0000004c   Code   RO         2367    i.XMC_VADC_GLOBAL_Init  xmc_vadc.o
    0x10001b4c   0x10001b4c   0x00000018   Code   RO         2368    i.XMC_VADC_GLOBAL_InputClassInit  xmc_vadc.o
    0x10001b64   0x10001b64   0x0000002e   Code   RO         2373    i.XMC_VADC_GLOBAL_SetResultEventInterruptNode  xmc_vadc.o
    0x10001b92   0x10001b92   0x00000002   PAD
    0x10001b94   0x10001b94   0x00000020   Code   RO         2374    i.XMC_VADC_GLOBAL_StartupCalibration  xmc_vadc.o
    0x10001bb4   0x10001bb4   0x0000000c   Code   RO         2480    i.XMC_WDT_Enable    xmc_wdt.o
    0x10001bc0   0x10001bc0   0x0000001c   Code   RO         2481    i.XMC_WDT_Init      xmc_wdt.o
    0x10001bdc   0x10001bdc   0x0000001c   Code   RO         1482    i.__ARM_common_switch8  xmc_ccu4.o
    0x10001bf8   0x10001bf8   0x00000080   Code   RO            5    i.main              main.o
    0x10001c78   0x10001c78   0x00000010   Data   RO          243    .constdata          adc_measurement_conf.o
    0x10001c88   0x10001c88   0x0000000c   Data   RO          310    .constdata          clock_xmc1_conf.o
    0x10001c94   0x10001c94   0x00000014   Data   RO          458    .constdata          global_adc_conf.o
    0x10001ca8   0x10001ca8   0x00000010   Data   RO          712    .constdata          pwm_conf.o
    0x10001cb8   0x10001cb8   0x00000020   Data   RO         2739    Region$$Table       anon$$obj.o


    Execution Region ER_RW (Exec base: 0x20000000, Load base: 0x10001cd8, Size: 0x0000022c, Max: 0xffffffff, ABSOLUTE)

    Exec Addr    Load Addr    Size         Type   Attr      Idx    E Section Name        Object

    0x20000000   0x10001cd8   0x00000180   Code   RW         2513    .ARM.__at_0x20000000  startup_xmc1100.o
    0x20000180   0x10001e58   0x00000008   Data   RW            6    .data               main.o
    0x20000188   0x10001e60   0x0000002c   Data   RW          244    .data               adc_measurement_conf.o
    0x200001b4   0x10001e8c   0x00000001   Data   RW          311    .data               clock_xmc1_conf.o
    0x200001b5   0x10001e8d   0x00000003   PAD
    0x200001b8   0x10001e90   0x00000014   Data   RW          459    .data               global_adc_conf.o
    0x200001cc   0x10001ea4   0x00000010   Data   RW          521    .data               global_ccu4_conf.o
    0x200001dc   0x10001eb4   0x00000034   Data   RW          713    .data               pwm_conf.o
    0x20000210   0x10001ee8   0x00000014   Data   RW          772    .data               watchdog_conf.o
    0x20000224   0x10001efc   0x00000008   Data   RW         2526    .data               system_xmc1100.o


    Execution Region ER_ZI (Exec base: 0x2000022c, Load base: 0x10001f04, Size: 0x00000664, Max: 0xffffffff, ABSOLUTE)

    Exec Addr    Load Addr    Size         Type   Attr      Idx    E Section Name        Object

    0x2000022c        -       0x00000060   Zero   RW         2612    .bss                c_p.l(libspace.o)
    0x2000028c   0x10001f04   0x00000004   PAD
    0x20000290        -       0x00000200   Zero   RW         2510    HEAP                startup_xmc1100.o
    0x20000490        -       0x00000400   Zero   RW         2509    STACK               startup_xmc1100.o



  Load Region LR$$.ARM.__AT_0x20003FFC (Base: 0x20003ffc, Size: 0x00000000, Max: 0x00000004, ABSOLUTE)

    Execution Region ER$$.ARM.__AT_0x20003FFC (Exec base: 0x20003ffc, Load base: 0x20003ffc, Size: 0x00000004, Max: 0x00000004, ABSOLUTE, UNINIT)

    Exec Addr    Load Addr    Size         Type   Attr      Idx    E Section Name        Object

    0x20003ffc        -       0x00000004   Zero   RW         2525    .ARM.__AT_0x20003FFC  system_xmc1100.o


==============================================================================

Image component sizes


      Code (inc. data)   RO Data    RW Data    ZI Data      Debug   Object Name

       258          0          0          0          0      19419   adc_measurement.o
         0          0         16         44          0       2805   adc_measurement_conf.o
        40          0          0          0          0       2026   clock_xmc1.o
        24          6         12          1          0       1386   clock_xmc1_conf.o
        68         16          0          0          0       1276   dave.o
        60          0          0          0          0      17002   global_adc.o
         0          0         20         20          0       1721   global_adc_conf.o
        40          0          0          0          0      13447   global_ccu4.o
         0          0          0         16          0       1260   global_ccu4_conf.o
       128         14          0          8          0     150028   main.o
       598         12          0          0          0      23041   pwm.o
         0          0         16         52          0       2723   pwm_conf.o
       452        226         24          0       1536        892   startup_xmc1100.o
       144         30          0          8          4       1813   system_xmc1100.o
        26          0          0          0          0       2172   watchdog.o
         0          0          0         20          0        311   watchdog_conf.o
       164          6          0          0          0       1148   xmc1_gpio.o
       400         60          0          0          0       5320   xmc1_scu.o
       262         18          0          0          0      17341   xmc_ccu4.o
       220         24          0          0          0       4199   xmc_vadc.o
        40          4          0          0          0       1432   xmc_wdt.o

    ----------------------------------------------------------------------
      2934        416        120        172       1540     270762   Object Totals
         0          0         32          0          0          0   (incl. Generated)
        10          0          0          3          0          0   (incl. Padding)

    ----------------------------------------------------------------------

      Code (inc. data)   RO Data    RW Data    ZI Data      Debug   Library Member Name

         8          0          0          0          0         68   __main.o
         0          0          0          0          0          0   __rtentry.o
        12          0          0          0          0          0   __rtentry2.o
         6          0          0          0          0          0   __rtentry4.o
        60          8          0          0          0          0   __scatter.o
        26          0          0          0          0          0   __scatter_copy.o
        28          0          0          0          0          0   __scatter_zi.o
       346          0          0          0          0         92   aeabi_sdiv.o
        16          0          0          0          0         68   exit.o
         6          0          0          0          0        136   heapauxi.o
         0          0          0          0          0          0   indicate_semi.o
         2          0          0          0          0          0   libinit.o
         2          0          0          0          0          0   libinit2.o
         2          0          0          0          0          0   libshutdown.o
         2          0          0          0          0          0   libshutdown2.o
         8          4          0          0         96         68   libspace.o
         2          0          0          0          0          0   rtexit.o
        10          0          0          0          0          0   rtexit2.o
        12          4          0          0          0         60   sys_exit.o
        62          0          0          0          0         80   sys_stackheap_outer.o
         2          0          0          0          0         68   use_no_semi.o

    ----------------------------------------------------------------------
       618         16          0          0        100        640   Library Totals
         6          0          0          0          4          0   (incl. Padding)

    ----------------------------------------------------------------------

      Code (inc. data)   RO Data    RW Data    ZI Data      Debug   Library Name

       612         16          0          0         96        640   c_p.l

    ----------------------------------------------------------------------
       618         16          0          0        100        640   Library Totals

    ----------------------------------------------------------------------

==============================================================================


      Code (inc. data)   RO Data    RW Data    ZI Data      Debug   

      3552        432        120        172       1640     269278   Grand Totals
      3552        432        120        172       1640     269278   ELF Image Totals
      3552        432        120        172          0          0   ROM Totals

==============================================================================

    Total RO  Size (Code + RO Data)                 3672 (   3.59kB)
    Total RW  Size (RW Data + ZI Data)              1812 (   1.77kB)
    Total ROM Size (Code + RO Data + RW Data)       3844 (   3.75kB)

==============================================================================

